******************************************************************************
          TMS320C6x COFF Linker PC v5.1.0                      
******************************************************************************
>> Linked Wed Mar 13 11:14:44 2013

OUTPUT FILE NAME:   <./Debug/DoubleBuffer.out>
ENTRY POINT SYMBOL: "_c_int00"  address: 0000b5e0


MEMORY CONFIGURATION

                  name            origin    length      used    attr    fill
         ----------------------  --------  ---------  --------  ----  --------
         IVECS                   00000000   00000220  00000200  RWIX
         IRAM                    00000220   0002fde0  0000d248  RWIX
         SDRAM                   80000000   00100000  00000000  RWIX
         FLASH                   90000000   00020000  00000000  RWIX


SECTION ALLOCATION MAP

 output                                  attributes/
section   page    origin      length       input sections
--------  ----  ----------  ----------   ----------------
.EXT_RAM   0    80000000    00000000     UNINITIALIZED

.data      0    00000000    00000000     UNINITIALIZED

.vectors   0    00000000    00000200     
                  00000000    00000200     Vectors_intr.obj (.vectors)

.bss       0    00000220    00000000     UNINITIALIZED

.sysmem    0    00000220    00000000     UNINITIALIZED

.switch    0    00000220    00000000     UNINITIALIZED

.cio       0    00000220    00000000     UNINITIALIZED

.csldata   0    00000220    00000000     UNINITIALIZED

.far       0    00000220    00008abc     UNINITIALIZED
                  00000220    0000882a     doublebufferfft.obj (.far)
                  00008a4a    00000004     dsk6416bsl.lib : dsk6416.obj (.far)
                  00008a50    00000100     csl6416.lib : csl_irq.obj (.far)
                  00008b50    00000090     rts6400.lib : exit.obj (.far)
                  00008be0    0000005a     c6416dskinit.obj (.far)
                  00008c40    00000054     csl6416.lib : csl_mcbsp.obj (.far)
                  00008c98    00000020     dsk6416bsl.lib : dsk6416_aic23_setfreq.obj (.far)
                  00008cb8    00000014                    : dsk6416_aic23_registers.obj (.far)
                  00008ccc    00000008                    : dsk6416_aic23_opencodec.obj (.far)
                  00008cd4    00000008     rts6400.lib : _lock.obj (.far)

.text      0    00008ce0    00002b80     
                  00008ce0    00000700     c6416dskinit.obj (.text)
                  000093e0    00000640     doublebufferfft.obj (.text)
                  00009a20    000003c0     dsk6416bsl.lib : dsk6416.obj (.text)
                  00009de0    000003a0     dsp64x.lib : fft32x32.obj (.text:_fft32x32)
                  0000a180    000003a0                : ifft32x32.obj (.text:_ifft32x32)
                  0000a520    00000220     dsk6416bsl.lib : dsk6416_aic23_opencodec.obj (.text)
                  0000a740    00000220                    : dsk6416_aic23_registers.obj (.text)
                  0000a960    000001e0     csl6416.lib : csl_mcbsp.obj (.text:_MCBSP_reset)
                  0000ab40    000001e0                 : csl_irq.obj (.text:_IRQ_map)
                  0000ad20    00000100     rts6400.lib : autoinit.obj (.text:__auto_init)
                  0000ae20    00000100                 : exit.obj (.text:_exit)
                  0000af20    00000100     dsk6416bsl.lib : dsk6416_aic23_setfreq.obj (.text)
                  0000b020    000000e0     csl6416.lib : csl_mcbsp.obj (.text:_MCBSP_open)
                  0000b100    000000e0                 : csl_mcbsp.obj (.text:_MCBSP_start)
                  0000b1e0    000000c0                 : csl_mcbsp.obj (.text:_MCBSP_config)
                  0000b2a0    000000c0                 : csl_irq.obj (.text:_setMux)
                  0000b360    000000c0     rts6400.lib : strasg.obj (.text:__strasg)
                  0000b420    000000a0     csl6416.lib : csl_emifb.obj (.text:_EMIFB_config)
                  0000b4c0    000000a0                 : csl_emifa.obj (.text:_EMIFA_config)
                  0000b560    00000080     rts6400.lib : memcpy64.obj (.text:_memcpy)
                  0000b5e0    00000060                 : boot.obj (.text:_c_int00)
                  0000b640    00000040     csl6416.lib : csl_irq.obj (.text:_IRQ_reset)
                  0000b680    00000040     rts6400.lib : args_main.obj (.text:__args_main)
                  0000b6c0    00000020     csl6416.lib : csl_irq.obj (.text)
                  0000b6e0    00000020                 : csl_irq.obj (.text:_IRQ_globalDisable)
                  0000b700    00000020     Vectors_intr.obj (.text)
                  0000b720    00000020     csl6416.lib : csl_mcbsp.obj (.text:_MCBSP_getXmtEventId)
                  0000b740    00000020                 : csl_mcbsp.obj (.text:_MCBSP_read)
                  0000b760    00000020                 : csl_mcbsp.obj (.text:_MCBSP_write)
                  0000b780    00000020                 : csl_mcbsp.obj (.text:_MCBSP_xrdy)
                  0000b7a0    00000020                 : csl_irq.obj (.text:_IRQ_nmiEnable)
                  0000b7c0    00000020                 : csl_irq.obj (.text:_IRQ_globalEnable)
                  0000b7e0    00000020     rts6400.lib : _lock.obj (.text:__nop)
                  0000b800    00000020                 : exit.obj (.text:_abort)
                  0000b820    00000020     csl6416.lib : csl_irq.obj (.text:_IRQ_enable)
                  0000b840    00000020                 : csl_mcbsp.obj (.text:_MCBSP_rrdy)

.stack     0    0000b860    00001000     UNINITIALIZED
                  0000b860    00000008     rts6400.lib : boot.obj (.stack)

.const     0    0000c860    00000910     
                  0000c860    000007e0     doublebufferfft.obj (.const)
                  0000d040    000000c0     dsk6416bsl.lib : dsk6416.obj (.const)
                  0000d100    00000070                    : dsk6416_aic23_opencodec.obj (.const)

.cinit     0    0000d170    000002fc     
                  0000d170    0000012c     csl6416.lib : csl_irq.obj (.cinit)
                  0000d29c    00000004     --HOLE-- [fill = 0]
                  0000d2a0    0000007c                 : csl_mcbsp.obj (.cinit)
                  0000d31c    00000004     --HOLE-- [fill = 0]
                  0000d320    0000005c     c6416dskinit.obj (.cinit)
                  0000d37c    00000004     --HOLE-- [fill = 0]
                  0000d380    0000004a     doublebufferfft.obj (.cinit)
                  0000d3ca    00000006     --HOLE-- [fill = 0]
                  0000d3d0    0000002c     rts6400.lib : exit.obj (.cinit)
                  0000d3fc    00000004     --HOLE-- [fill = 0]
                  0000d400    00000028     dsk6416bsl.lib : dsk6416_aic23_setfreq.obj (.cinit)
                  0000d428    0000001c                    : dsk6416_aic23_registers.obj (.cinit)
                  0000d444    00000004     --HOLE-- [fill = 0]
                  0000d448    0000001c     rts6400.lib : _lock.obj (.cinit)
                  0000d464    00000008     --HOLE-- [fill = 0]


GLOBAL SYMBOLS: SORTED ALPHABETICALLY BY Name 

address    name
--------   ----
00000220   $bss
00000220   .bss
00000000   .data
00008ce0   .text
0000b800   C$$EXIT
00000228   _A
00008bec   _AIC23CfgData
00008be0   _AIC_data
00002228   _B
00004228   _C
00006228   _D
00008ccc   _DSK6416_AIC23_codeccontrolhandle
00008cd0   _DSK6416_AIC23_codecdatahandle
0000a89c   _DSK6416_AIC23_config
0000a520   _DSK6416_AIC23_openCodec
0000a85c   _DSK6416_AIC23_rget
0000a740   _DSK6416_AIC23_rset
0000af20   _DSK6416_AIC23_setFreq
00009d0c   _DSK6416_getVersion
00009a20   _DSK6416_init
00009bd0   _DSK6416_rget
00009c08   _DSK6416_rset
00008a4a   _DSK6416_version
00009c50   _DSK6416_wait
00009cc0   _DSK6416_waitusec
00009de0   _DSP_fft32x32
0000a180   _DSP_ifft32x32
0000b4c0   _EMIFA_config
0000b420   _EMIFB_config
0000b820   _IRQ_enable
0000b6e0   _IRQ_globalDisable
0000b7c0   _IRQ_globalEnable
0000ab40   _IRQ_map
0000b7a0   _IRQ_nmiEnable
0000b640   _IRQ_reset
0000b1e0   _MCBSP_config
0000b720   _MCBSP_getXmtEventId
0000b020   _MCBSP_open
0000b740   _MCBSP_read
0000a960   _MCBSP_reset
0000b840   _MCBSP_rrdy
0000b100   _MCBSP_start
0000b760   _MCBSP_write
0000b780   _MCBSP_xrdy
00008b48   __IRQ_dispatchTable
00008a80   __IRQ_eventTable
0000b6c0   __IRQ_hookFetchPacket
00008b08   __IRQ_intTable
00008c88   __MCBSP_hDev0
00008c8c   __MCBSP_hDev1
00008c90   __MCBSP_hDev2
00001000   __STACK_SIZE
ffffffff   ___binit__
00000220   ___bss__
ffffffff   ___c_args__
0000d170   ___cinit__
00000000   ___data__
00000000   ___edata__
00000220   ___end__
0000b860   ___etext__
ffffffff   ___pinit__
00008ce0   ___text__
0000b680   __args_main
0000ad20   __auto_init
00008bd8   __cleanup_ptr
00008bdc   __dtors_ptr
00008cd4   __lock
0000b7e0   __nop
0000b860   __stack
0000b360   __strasg
00008cd8   __unlock
0000b800   _abort
00008ce0   _c6416_dsk_init
0000b5e0   _c_int00
00009478   _c_int11
00008de4   _comm_intr
00008db4   _comm_poll
00008c24   _config
0000ae20   _exit
0000823c   _fft_out
00008240   _filledBufferFlag
00000220   _fs
00008c38   _hAIC23_handle
00008228   _index
00009288   _input_left_sample
0000822c   _input_ptr
00009334   _input_right_sample
0000918c   _input_sample
00000224   _inputsource
0000978c   _main
0000b560   _memcpy
00008a48   _o
00008248   _outbuffer
00008ff4   _output_left_sample
00008230   _output_ptr
000090c0   _output_right_sample
00008ed8   _output_sample
000093e0   _processDoubleBuffer
00008234   _process_ptr
00008238   _temp_ptr
00000020   _vector1
00000140   _vector10
00000180   _vector12
000001a0   _vector13
000001c0   _vector14
000001e0   _vector15
00000040   _vector2
00000060   _vector3
00000080   _vector4
000000a0   _vector5
000000c0   _vector6
000000e0   _vector7
00000100   _vector8
00000120   _vector9
00000000   _vectors
0000c860   _w
ffffffff   binit
0000d170   cinit
00000000   edata
00000220   end
0000b860   etext
ffffffff   pinit


GLOBAL SYMBOLS: SORTED BY Symbol Address 

address    name
--------   ----
00000000   ___edata__
00000000   ___data__
00000000   .data
00000000   edata
00000000   _vectors
00000020   _vector1
00000040   _vector2
00000060   _vector3
00000080   _vector4
000000a0   _vector5
000000c0   _vector6
000000e0   _vector7
00000100   _vector8
00000120   _vector9
00000140   _vector10
00000180   _vector12
000001a0   _vector13
000001c0   _vector14
000001e0   _vector15
00000220   ___bss__
00000220   _fs
00000220   end
00000220   ___end__
00000220   .bss
00000220   $bss
00000224   _inputsource
00000228   _A
00001000   __STACK_SIZE
00002228   _B
00004228   _C
00006228   _D
00008228   _index
0000822c   _input_ptr
00008230   _output_ptr
00008234   _process_ptr
00008238   _temp_ptr
0000823c   _fft_out
00008240   _filledBufferFlag
00008248   _outbuffer
00008a48   _o
00008a4a   _DSK6416_version
00008a80   __IRQ_eventTable
00008b08   __IRQ_intTable
00008b48   __IRQ_dispatchTable
00008bd8   __cleanup_ptr
00008bdc   __dtors_ptr
00008be0   _AIC_data
00008bec   _AIC23CfgData
00008c24   _config
00008c38   _hAIC23_handle
00008c88   __MCBSP_hDev0
00008c8c   __MCBSP_hDev1
00008c90   __MCBSP_hDev2
00008ccc   _DSK6416_AIC23_codeccontrolhandle
00008cd0   _DSK6416_AIC23_codecdatahandle
00008cd4   __lock
00008cd8   __unlock
00008ce0   ___text__
00008ce0   _c6416_dsk_init
00008ce0   .text
00008db4   _comm_poll
00008de4   _comm_intr
00008ed8   _output_sample
00008ff4   _output_left_sample
000090c0   _output_right_sample
0000918c   _input_sample
00009288   _input_left_sample
00009334   _input_right_sample
000093e0   _processDoubleBuffer
00009478   _c_int11
0000978c   _main
00009a20   _DSK6416_init
00009bd0   _DSK6416_rget
00009c08   _DSK6416_rset
00009c50   _DSK6416_wait
00009cc0   _DSK6416_waitusec
00009d0c   _DSK6416_getVersion
00009de0   _DSP_fft32x32
0000a180   _DSP_ifft32x32
0000a520   _DSK6416_AIC23_openCodec
0000a740   _DSK6416_AIC23_rset
0000a85c   _DSK6416_AIC23_rget
0000a89c   _DSK6416_AIC23_config
0000a960   _MCBSP_reset
0000ab40   _IRQ_map
0000ad20   __auto_init
0000ae20   _exit
0000af20   _DSK6416_AIC23_setFreq
0000b020   _MCBSP_open
0000b100   _MCBSP_start
0000b1e0   _MCBSP_config
0000b360   __strasg
0000b420   _EMIFB_config
0000b4c0   _EMIFA_config
0000b560   _memcpy
0000b5e0   _c_int00
0000b640   _IRQ_reset
0000b680   __args_main
0000b6c0   __IRQ_hookFetchPacket
0000b6e0   _IRQ_globalDisable
0000b720   _MCBSP_getXmtEventId
0000b740   _MCBSP_read
0000b760   _MCBSP_write
0000b780   _MCBSP_xrdy
0000b7a0   _IRQ_nmiEnable
0000b7c0   _IRQ_globalEnable
0000b7e0   __nop
0000b800   C$$EXIT
0000b800   _abort
0000b820   _IRQ_enable
0000b840   _MCBSP_rrdy
0000b860   __stack
0000b860   etext
0000b860   ___etext__
0000c860   _w
0000d170   cinit
0000d170   ___cinit__
ffffffff   pinit
ffffffff   ___c_args__
ffffffff   ___binit__
ffffffff   binit
ffffffff   ___pinit__

[122 symbols]
