******************************************************************************
          TMS320C6x COFF Linker PC v5.1.0                      
******************************************************************************
>> Linked Fri Apr 12 11:19:25 2013

OUTPUT FILE NAME:   <./Debug/bios_LED.out>
ENTRY POINT SYMBOL: "_c_int00"  address: 0000fa40


MEMORY CONFIGURATION

                  name            origin    length      used    attr    fill
         ----------------------  --------  ---------  --------  ----  --------
         ISRAM                   00000000   00100000  00010530  RWIX
         FLASH                   64000000   00080000  00000000  RWIX
         SDRAM                   80000000   01000000  00000000  RWIX


SECTION ALLOCATION MAP

 output                                  attributes/
section   page    origin      length       input sections
--------  ----  ----------  ----------   ----------------
.sysdata   0    00000000    00000000     UNINITIALIZED

.sysregs   0    00000000    00000000     UNINITIALIZED

.data      0    00000000    00000000     UNINITIALIZED

.switch    0    00000000    00000000     UNINITIALIZED

.cio       0    00000000    00000000     UNINITIALIZED

frt        0    00000000    00000000     UNINITIALIZED

.dsm       0    00000000    00000000     UNINITIALIZED

.hwi       0    00000000    00000000     UNINITIALIZED

.gio       0    00000000    00000000     UNINITIALIZED

.hwi_vec   0    00000000    00000200     
                  00000000    00000200     bios_LEDcfg.obj (.hwi_vec)

.ISRAM$heap 
*          0    00000200    00008000     UNINITIALIZED

.bios      0    00008200    00003920     
                  00008200    000006e0     biosi.a64 : swi.o64 (.bios)
                  000088e0    00000540     lnkrtdx.a64 : rtdx.o64 (.bios)
                  00008e20    00000440     biosi.a64 : hwi_disp_asm64 (.bios)
                  00009260    00000320               : prd.o64 (.bios)
                  00009580    00000280               : rta.o64 (.bios)
                  00009800    00000260               : sem_pend_inst.o (.bios)
                  00009a60    00000240               : clk.o64 (.bios)
                  00009ca0    00000240               : knl_run_inst.o6 (.bios)
                  00009ee0    00000220               : pip.o64 (.bios)
                  0000a100    00000220               : knl_tick_inst.o (.bios)
                  0000a320    000001c0               : sem_dopo_inst.o (.bios)
                  0000a4e0    000001c0               : tsk_setu_inst.o (.bios)
                  0000a6a0    000001a0               : tsk_exit_inst.o (.bios)
                  0000a840    00000180               : knl_swit_inst.o (.bios)
                  0000a9c0    00000160               : autoinit.o64 (.bios)
                  0000ab20    00000100               : tsk_stup_inst.o (.bios)
                  0000ac20    00000100               : idl_cal.o64 (.bios)
                  0000ad20    00000100               : knl_chec_inst.o (.bios)
                  0000ae20    000000e0               : knl_exit_inst.o (.bios)
                  0000af00    000000e0               : sem_post_asm_in (.bios)
                  0000afe0    000000c0               : lck_inst.o64 (.bios)
                  0000b0a0    000000c0               : sem_post_inst.o (.bios)
                  0000b160    000000c0               : mem_init_inst.o (.bios:.near)
                  0000b220    000000a0               : knl_ipos_inst.o (.bios)
                  0000b2c0    000000a0               : knl_post_inst.o (.bios)
                  0000b360    000000a0               : atm_inst.o64 (.bios)
                  0000b400    000000a0               : sys_exit_inst.o (.bios)
                  0000b4a0    00000080               : gbl_cslinit62.o (.bios)
                  0000b520    00000080               : idl_busy.o64 (.bios)
                  0000b5a0    00000080               : fxn.o64 (.bios)
                  0000b620    00000080               : log.o64 (.bios)
                  0000b6a0    00000080               : clk_start6x.o64 (.bios)
                  0000b720    00000060               : sem_pend_asm_in (.bios)
                  0000b780    00000060               : que_get_inst.o6 (.bios)
                  0000b7e0    00000060               : tsk_init_inst.o (.bios)
                  0000b840    00000060               : sts.o64 (.bios)
                  0000b8a0    00000060               : trc_c.o64 (.bios)
                  0000b900    00000060               : utl_putc_inst.o (.bios)
                  0000b960    00000040               : rta_andn.o64 (.bios)
                  0000b9a0    00000040               : idl_stub_inst.o (.bios)
                  0000b9e0    00000040               : swi_post.o64 (.bios)
                  0000ba20    00000040               : utl_doab_inst.o (.bios)
                  0000ba60    00000020               : idl.o64 (.bios)
                  0000ba80    00000020               : utl_halt_inst.o (.bios)
                  0000baa0    00000020               : utl_doer_inst.o (.bios)
                  0000bac0    00000020               : sts_set.o64 (.bios)
                  0000bae0    00000020               : fxn_c.o64 (.bios)
                  0000bb00    00000020               : gbl_vers.o64 (.bios)

.text      0    0000bb20    000010e0     
                  0000bb20    000003c0     DSK6416bsl.lib : dsk6416.obj (.text)
                  0000bee0    000001e0     csl6416.lib : csl.obj (.text:__CSL_init)
                  0000c0c0    000001a0                 : csl_irq.obj (.text:_mux2Tables)
                  0000c260    000001a0     DSK6416bsl.lib : dsk6416_led.obj (.text)
                  0000c400    00000120     csl6416.lib : csl_timer.obj (.text:_TIMER_open)
                  0000c520    00000120                 : csl_timer.obj (.text:_TIMER_reset)
                  0000c640    000000c0     rts6400.lib : strasg.obj (.text:__strasg)
                  0000c700    000000c0                 : exit.obj (.text:_atexit)
                  0000c7c0    000000a0     bios_LED.obj (.text)
                  0000c860    000000a0     csl6416.lib : csl_emifa.obj (.text:_EMIFA_config)
                  0000c900    000000a0                 : csl_emifb.obj (.text:_EMIFB_config)
                  0000c9a0    00000080     rts6400.lib : memcpy64.obj (.text:_memcpy)
                  0000ca20    00000080     csl6416.lib : csl_irq.obj (.text:__IRQ_init)
                  0000caa0    00000060                 : csl_timer.obj (.text:_TIMER_configArgs)
                  0000cb00    00000040                 : csl_timer.obj (.text:_TIMER_start)
                  0000cb40    00000020     bios_LEDcfg_c.obj (.text:CSL_cfgInit)
                  0000cb60    00000020     csl6416.lib : csl_irq.obj (.text)
                  0000cb80    00000020                 : csl_irq.obj (.text:_IRQ_enable)
                  0000cba0    00000020     rts6400.lib : _lock.obj (.text:__register_lock)
                  0000cbc0    00000020                 : _lock.obj (.text:__nop)
                  0000cbe0    00000020                 : _lock.obj (.text:__register_unlock)

.cinit     0    0000cc00    00000f2c     
                  0000cc00    0000072c     bios_LEDcfg.obj (.cinit)
                  0000d32c    00000004     --HOLE-- [fill = 0]
                  0000d330    000002dc     biosi.a64 : biosdata.o64 (.cinit)
                  0000d60c    00000004     --HOLE-- [fill = 0]
                  0000d610    0000012c     csl6416.lib : csl_irq.obj (.cinit)
                  0000d73c    00000004     --HOLE-- [fill = 0]
                  0000d740    000000a8     biosi.a64 : knl_inst.o64 (.cinit)
                  0000d7e8    0000005c     lnkrtdx.a64 : rtdx.o64 (.cinit)
                  0000d844    00000004     --HOLE-- [fill = 0]
                  0000d848    0000005c     csl6416.lib : csl_timer.obj (.cinit)
                  0000d8a4    00000004     --HOLE-- [fill = 0]
                  0000d8a8    0000004c     biosi.a64 : tsk_inst.o64 (.cinit)
                  0000d8f4    00000004     --HOLE-- [fill = 0]
                  0000d8f8    0000004c               : rta.o64 (.cinit)
                  0000d944    00000004     --HOLE-- [fill = 0]
                  0000d948    00000048               : knl_inst.o64 (.cinit:c)
                  0000d990    0000003c     csl6416.lib : csl.obj (.cinit)
                  0000d9cc    00000004     --HOLE-- [fill = 0]
                  0000d9d0    0000002c     rts6400.lib : exit.obj (.cinit)
                  0000d9fc    00000004     --HOLE-- [fill = 0]
                  0000da00    0000002c     biosi.a64 : tsk_stup_inst.o (.cinit)
                  0000da2c    00000004     --HOLE-- [fill = 0]
                  0000da30    0000002c               : utl_putc_inst.o (.cinit)
                  0000da5c    00000004     --HOLE-- [fill = 0]
                  0000da60    0000001c     rts6400.lib : _lock.obj (.cinit)
                  0000da7c    00000004     --HOLE-- [fill = 0]
                  0000da80    0000001c     biosi.a64 : hwi.o64 (.cinit)
                  0000da9c    00000004     --HOLE-- [fill = 0]
                  0000daa0    00000018               : knl_tick_inst.o (.cinit)
                  0000dab8    00000010               : clk_start6x.o64 (.cinit)
                  0000dac8    00000010               : gbl.o64 (.cinit:c)
                  0000dad8    00000010               : sys_inst.o64 (.cinit:c)
                  0000dae8    00000010               : tsk_inst.o64 (.cinit:c)
                  0000daf8    0000000c               : idl_busy.o64 (.cinit)
                  0000db04    00000004     --HOLE-- [fill = 0]
                  0000db08    0000000c               : knl_swit_inst.o (.cinit)
                  0000db14    00000004     --HOLE-- [fill = 0]
                  0000db18    0000000c     rtdx64xx.lib : buffer1.o64 (.cinit)
                  0000db24    00000008     --HOLE-- [fill = 0]

.hst1      0    0000db2c    00000010     UNINITIALIZED
                  0000db2c    00000010     bios_LEDcfg.obj (.hst1)

.mem       0    0000db3c    00000004     UNINITIALIZED
                  0000db3c    00000004     bios_LEDcfg.obj (.mem)

.rtdx_text 
*          0    0000db40    00000b60     
                  0000db40    00000600     rtdx64xx.lib : rtdx_mon.o64 (.rtdx_text)
                  0000e140    00000540                  : buffer1.o64 (.rtdx_text)
                  0000e680    00000020                  : intr_tgt.o64 (.rtdx_text)

.bss       0    0000e6a0    000004b8     UNINITIALIZED
                  0000e6a0    00000134     biosi.a64 : biosdata.o64 (.bss)
                  0000e7d4    00000100               : hwi_disp_asm64 (.bss)
                  0000e8d4    00000004               : mem_asm.o64 (.bss)
                  0000e8d8    000000e0               : knl_inst.o64 (.bss)
                  0000e9b8    0000008c     bios_LEDcfg.obj (.bss)
                  0000ea44    00000040     biosi.a64 : knl_inst.o64 (.bss:c)
                  0000ea84    00000038               : tsk_inst.o64 (.bss)
                  0000eabc    00000024               : tsk_stup_inst.o (.bss)
                  0000eae0    00000020               : sys_inst.o64 (.bss)
                  0000eb00    00000018     lnkrtdx.a64 : rtdx.o64 (.bss)
                  0000eb18    00000010     biosi.a64 : knl_tick_inst.o (.bss)
                  0000eb28    00000008               : hwi.o64 (.bss)
                  0000eb30    00000008               : tsk_inst.o64 (.bss:c)
                  0000eb38    00000008               : sys_inst.o64 (.bss:c)
                  0000eb40    00000008               : gbl.o64 (.bss:c)
                  0000eb48    00000008               : clk_start6x.o64 (.bss)
                  0000eb50    00000004               : idl_busy.o64 (.bss)
                  0000eb54    00000004               : gbl_cslinit62.o (.bss)

.rtdx_data 
*          0    0000eb58    00000450     UNINITIALIZED
                  0000eb58    00000410     bios_LEDcfg.obj (.rtdx_data)
                  0000ef68    00000020     rtdx64xx.lib : buffer1.o64 (.rtdx_data)
                  0000ef88    00000020                  : rtdx_mon.o64 (.rtdx_data)

.stack     0    0000efa8    00000400     
                  0000efa8    00000400     --HOLE-- [fill = 00c0ffee]

.TSK_idle$stk 
*          0    0000f3a8    00000400     UNINITIALIZED
                  0000f3a8    00000400     bios_LEDcfg.obj (.TSK_idle$stk)

.log       0    0000f7a8    00000018     
                  0000f7a8    00000018     bios_LEDcfg.obj (.log)

.sysinit   0    0000f7c0    00000340     
                  0000f7c0    00000280     bios_LEDcfg.obj (.sysinit)
                  0000fa40    000000c0     biosi.a64 : boot.o64 (.sysinit)

.far       0    0000fb00    00000202     UNINITIALIZED
                  0000fb00    00000100     csl6416.lib : csl_irq.obj (.far)
                  0000fc00    00000090     rts6400.lib : exit.obj (.far)
                  0000fc90    00000030     csl6416.lib : csl_timer.obj (.far)
                  0000fcc0    00000028                 : csl.obj (.far)
                  0000fce8    0000000c     biosi.a64 : utl_putc_inst.o (.far)
                  0000fcf4    00000008     rts6400.lib : _lock.obj (.far)
                  0000fcfc    00000004     DSK6416bsl.lib : dsk6416.obj (.far)
                  0000fd00    00000002                    : dsk6416_led.obj (.far)

.trace     0    0000fd02    00000200     
                  0000fd02    00000200     --HOLE-- [fill = 00000000]

.pip       0    0000ff04    000000c8     UNINITIALIZED
                  0000ff04    000000c8     bios_LEDcfg.obj (.pip)

.hst       0    0000ffcc    0000002c     UNINITIALIZED
                  0000ffcc    0000002c     bios_LEDcfg.obj (.hst)

.clk       0    0000fff8    00000008     UNINITIALIZED
                  0000fff8    00000008     bios_LEDcfg.obj (.clk)

.LOG_system$buf 
*          0    00010000    00000100     
                  00010000    00000100     bios_LEDcfg.obj (.LOG_system$buf) [fill = ffffffff]

.const     0    00010100    00000106     
                  00010100    000000c0     DSK6416bsl.lib : dsk6416.obj (.const)
                  000101c0    00000023     biosi.a64 : utl_doab_inst.o (.const)
                  000101e3    00000022               : utl_doer_inst.o (.const)
                  00010205    00000001               : tsk_inst.o64 (.const)

.hst0      0    00010208    00000100     UNINITIALIZED
                  00010208    00000100     bios_LEDcfg.obj (.hst0)

.prd       0    00010308    00000080     UNINITIALIZED
                  00010308    00000080     bios_LEDcfg.obj (.prd)

.sts       0    00010388    00000080     
                  00010388    00000080     bios_LEDcfg.obj (.sts)

.tsk       0    00010408    00000060     UNINITIALIZED
                  00010408    00000060     bios_LEDcfg.obj (.tsk)

.swi       0    00010468    00000058     UNINITIALIZED
                  00010468    00000058     bios_LEDcfg.obj (.swi)

.gblinit   0    000104c0    00000028     
                  000104c0    00000028     bios_LEDcfg.obj (.gblinit)

.idl       0    000104e8    00000020     UNINITIALIZED
                  000104e8    00000010     bios_LEDcfg.obj (.idl)
                  000104f8    00000010     bios_LEDcfg.obj (.idlcal)

.sys       0    00010508    00000010     UNINITIALIZED
                  00010508    00000010     bios_LEDcfg.obj (.sys)

.trcdata   0    00010518    0000000c     
                  00010518    0000000c     bios_LEDcfg.obj (.trcdata)

.pinit     0    00010524    0000000c     
                  00010524    00000004     rtdx64xx.lib : buffer1.o64 (.pinit)
                  00010528    00000004                  : rtdx_mon.o64 (.pinit)
                  0001052c    00000004     --HOLE-- [fill = 0]

.args      0    00010530    00000004     
                  00010530    00000004     --HOLE-- [fill = 00000000]


GLOBAL SYMBOLS: SORTED ALPHABETICALLY BY Name 

address    name
--------   ----
0000e6a0   $bss
0000e6a0   .bss
00000000   .data
0000bb20   .text
0000f93c   BIOS$$CLKOFF
0000f90c   BIOS$$CLKON
0000f7c0   BIOS_init
0000f99c   BIOS_start
00000000   BUF$
00000001   BUF_ENABLED
00000001   CLK$
0000fff8   CLK_A_TABBEG
00010000   CLK_A_TABEND
00000008   CLK_A_TABLEN
00015f90   CLK_COUNTSPMS
00000001   CLK_COUNTSPMSHIGH
0000e6c8   CLK_D_idletime
0000e6c4   CLK_D_isrhook
0000e6c0   CLK_D_tabbeg
0000e6bc   CLK_D_timefxn
00009a60   CLK_F_getfhtime
00009a80   CLK_F_gethtime
00009af4   CLK_F_getltime
00009a80   CLK_F_getshtime
00009b00   CLK_F_isr
00009c50   CLK_F_itime
00008e20   CLK_HOOKFXN
00004000   CLK_INTBIT
00015f90   CLK_PRD
00000001   CLK_PRDHIGH
01940000   CLK_REGS
0000e6b8   CLK_R_time
00000020   CLK_TCR
00000000   CLK_TDDR
00000000   CLK_TDDRHIGH
00009a80   CLK_TIMEFXN
00000000   CLK_TIMERNUM
00000001   CLK_USETIMER
0000fffc   CLK_null
00000000   DEV$
00000000   DGN$
00000000   DHL$
00000000   DHL_gChannelsAvailable
00000000   DIO$
00000000   DIO_NUMSWIBASE
00000000   DIO_NUMTSKBASE
00000000   DIO_STATIC
00000000   DPI$
ffffffff   FLASH
0000b5a0   FXN_F_nop
0000b5a8   FXN_F_run
0000b5f8   FXN_F_zero
00000001   GBL$
00000490   GBL_A_VERSION
00000000   GBL_BIGENDIAN
00000000   GBL_C641XL2PRIORITY
00000000   GBL_CACHE
00000001   GBL_CALLCSLCFGINIT
00000001   GBL_ENABLEINST
00000042   GBL_FOOTPRINT
0000bb00   GBL_F_version
00002226   GBL_L2ALLOC
00000000   GBL_L2CONFIGALLOC
00000000   GBL_L2CONFIGURE
00000000   GBL_L2MARMASK
00000000   GBL_L2MARMASK1
00000000   GBL_L2MARMASK2
00000000   GBL_L2MARMASK3
00000000   GBL_L2MARMASK4
00000000   GBL_L2MARMASK5
00000000   GBL_L2MODE
00000000   GBL_L2PRIORITY
00000000   GBL_NULL
00000000   GBL_ROM
00000001   GBL_SUPPORTCSL
0000dbef   GBL_TRCMASKVALUE
00000000   GBL_USERINIT
0000bae0   GBL_USERINITFXN
00000001   GBL_boot
00010520   GBL_initdone
0000efa8   GBL_stackbeg
0000f3a7   GBL_stackend
00000000   GIO$
0000bae0   GIO_CREATEFXN
0000bae0   GIO_DELETEFXN
0000bae0   GIO_PENDFXN
0000bae0   GIO_POSTFXN
00000000   HOOK$
00000000   HOOK_KNLID
00000001   HST$
0000ffcc   HST_A_TABBEG
0000fff8   HST_A_TABEND
00000002   HST_A_TABLEN
00000000   HST_DSM
0000e9c8   HST_DSMBUFSEG
00000400   HST_DSMMEMSIZE
0000e7b8   HST_D_chanmask
00000100   HST_MAXFRAMEALLOWED
00000040   HST_MAXFRAMESET
00000000   HST_NONE
00000001   HST_RTDX
00000001   HWI$
00000000   HWI_A_VECS
0000eb28   HWI_D_ccmask
00008e20   HWI_F_dispatch
00000000   HWI_GENERATE_RESET_VEC
0000000a   HWI_INT10
0000000b   HWI_INT11
0000000c   HWI_INT12
0000000d   HWI_INT13
0000000e   HWI_INT14
0000000f   HWI_INT15
00000004   HWI_INT4
00000005   HWI_INT5
00000006   HWI_INT6
00000007   HWI_INT7
00000008   HWI_INT8
00000009   HWI_INT9
082039a3   HWI_INTRMULTHIGH
250718a4   HWI_INTRMULTLOW
00000001   HWI_NMI
00000000   HWI_POLARITYMASK
00000002   HWI_RESERVED0
00000003   HWI_RESERVED1
00000000   HWI_RESET
00000001   HWI_ZEROTAB
00000001   IDL$
000104f8   IDL_A_CALBEG
00010508   IDL_A_CALEND
00000002   IDL_A_CALLEN
000104e8   IDL_A_TABBEG
000104f8   IDL_A_TABEND
00000002   IDL_A_TABLEN
0000b9a0   IDL_CALIBRFXN
0000eb50   IDL_D_busyObj
0000e6a8   IDL_D_calbeg
0000e6a4   IDL_D_calibrate
0000e6a0   IDL_D_tabbeg
000104f4   IDL_END
00010504   IDL_END$
0000b520   IDL_F_busy
0000ac20   IDL_F_calibrate
0000ba60   IDL_F_loop
0000b9a0   IDL_F_stub
00000001   IDL_USECLKIDLTIME
000103fc   IDL_busyObj
000103f8   IDL_busyObj$stsobj
000104f0   IDL_cpuLoad
00010500   IDL_cpuLoad$
0000e9c8   ISRAM
00000200   ISRAM$B
00008000   ISRAM$L
00000001   ISRC$
0000a990   KNL_glue
00010494   KNL_swi
000103dc   KNL_swi$sts
000103d8   KNL_swi$sts$stsobj
00000001   LCK$
000088e0   LNK_F_checkBufferCall
00008954   LNK_F_dataPump
00008900   LNK_F_getChanPtr
0000894c   LNK_F_init
00008df4   LNK_F_readCallBack
000104e8   LNK_dataPump
000104f8   LNK_dataPump$
0000eb04   LNK_dspFrameReadyMask
0000eb00   LNK_dspFrameRequestMask
00008ba4   LNK_newin
00008cb4   LNK_newout
00008960   LNK_rcloop
00008a10   LNK_rdrtry
0000eb0c   LNK_readDone
0000eb10   LNK_readFail
0000eb08   LNK_readPend
00008a18   LNK_rrloop
0000eb14   LNK_writeFail
00008ad4   LNK_wrloop
00008acc   LNK_wrrtry
00000001   LOG$
0000f7a8   LOG_A_TABBEG
0000f7c0   LOG_A_TABEND
00000001   LOG_A_TABLEN
0000e6ac   LOG_D_system
00000001   LOG_ENABLED
0000b620   LOG_F_event
0000f7a8   LOG_system
00010000   LOG_system$buf
00000040   LOG_system$size
00000000   MBX$
00000001   MEM$
0000e9c8   MEM_MALLOCSEG
00000000   MEM_NULL
0000e9c8   MEM_SEGZERO
00000001   MEM_gNumHeap
00000000   OBJ$
00000000   PIP$
0000ff04   PIP_A_TABBEG
0000ffcc   PIP_A_TABEND
00000002   PIP_A_TABLEN
0000e6b0   PIP_D_tabbeg
0000e6b4   PIP_D_tablen
00009f74   PIP_F_give
00009f74   PIP_F_probe
0000a048   PIP_F_start
00009ee0   PIP_F_take
00000000   PIP_gNextId
00000002   PIP_gNumEmbed
00000001   PRD$
00010308   PRD_A_TABBEG
00010388   PRD_A_TABEND
00000004   PRD_A_TABLEN
0000e774   PRD_D_cur
0000e778   PRD_D_elapsed
0000e77c   PRD_D_prevtim
0000e780   PRD_D_scalar
0000e784   PRD_D_swihandle
0000e788   PRD_D_tabbeg
0000e78c   PRD_D_tablen
0000e790   PRD_D_thook
0000e770   PRD_D_tick
00009260   PRD_F_swi
000094bc   PRD_F_tick
00000002   PRD_SCALAR
00010468   PRD_SWIHANDLE
0000a300   PRD_THOOKFXN
0000fff8   PRD_clock
00010468   PRD_swi
000103cc   PRD_swi$sts
000103c8   PRD_swi$sts$stsobj
00010308   PRDblink_LED0
00010324   PRDblink_LED0$aaa
0001038c   PRDblink_LED0$sts
00010388   PRDblink_LED0$sts$stsobj
00010328   PRDblink_LED1
00010344   PRDblink_LED1$aaa
0001039c   PRDblink_LED1$sts
00010398   PRDblink_LED1$sts$stsobj
00010348   PRDblink_LED2
00010364   PRDblink_LED2$aaa
000103ac   PRDblink_LED2$sts
000103a8   PRDblink_LED2$sts$stsobj
00010368   PRDblink_LED3
00010384   PRDblink_LED3$aaa
000103bc   PRDblink_LED3$sts
000103b8   PRDblink_LED3$sts$stsobj
00000001   QUE$
0000e794   RTA_D_fromHost
0000e79c   RTA_D_logval
0000e7ac   RTA_D_stsval
0000e798   RTA_D_toHost
0000b960   RTA_F_andn
00009678   RTA_F_dispatch
00009580   RTA_F_getlog
000095c4   RTA_F_getsts
0000b980   RTA_F_or
0000960c   RTA_F_readblk
00009638   RTA_F_resetmem
0000962c   RTA_F_writeword
000104ec   RTA_dispatcher
000104fc   RTA_dispatcher$
000096b8   RTA_execute
0000ffd0   RTA_fromHost
0000db2c   RTA_fromHost$buf
0000ff04   RTA_fromHost$pipe
0000ff34   RTA_fromHost$pipe$aaa
0000ff64   RTA_fromHost$pipe$bbb
0000e9cc   RTA_fromHost$pipe$dtab
0000ff08   RTA_fromHost$pipe$rd
0000ff38   RTA_fromHost$pipe$wr
0000ffd8   RTA_fromHost$rtdx
0000ffe4   RTA_toHost
00010208   RTA_toHost$buf
0000ff68   RTA_toHost$pipe
0000ff98   RTA_toHost$pipe$aaa
0000ffc8   RTA_toHost$pipe$bbb
0000e9d8   RTA_toHost$pipe$dtab
0000ff6c   RTA_toHost$pipe$rd
0000ff9c   RTA_toHost$pipe$wr
0000ffec   RTA_toHost$rtdx
00000001   RTDX$
00000408   RTDX_BUFMEMSIZE
0000e9c8   RTDX_DATAMEMSEG
00000001   RTDX_NORMALIZED_HDR
00000001   RTDX_USERTDX
00000000   RTDX_USERTEXECUTION
ffffffff   SDRAM
00000000   SEM$
00000000   SIO$
00000001   STS$
00010388   STS_A_TABBEG
00010408   STS_A_TABEND
00000008   STS_A_TABLEN
0000b850   STS_F_add
0000b840   STS_F_delta
0000b87c   STS_F_reset
00000001   SWI$
00010468   SWI_A_TABBEG
000104c0   SWI_A_TABEND
00000002   SWI_A_TABLEN
0000e6d8   SWI_D_curfxn
0000e6cc   SWI_D_curmask
0000e6dc   SWI_D_curmbox
0000e6d0   SWI_D_curset
0000e6f4   SWI_D_ehook
0000e6e4   SWI_D_execaddr
0000e6f0   SWI_D_ihook
0000e6e0   SWI_D_lock
0000e6d4   SWI_D_pending
0000e6ec   SWI_D_rdybeg
0000e6f8   SWI_D_rdytab
0000e6e8   SWI_D_runaddr
00000000   SWI_EHOOKFXN
00008498   SWI_EXECFXN
00008200   SWI_F_enable
00008420   SWI_F_exec
00008498   SWI_F_iexec
00008288   SWI_F_post
00008660   SWI_F_run
00000000   SWI_IHOOKFXN
00008660   SWI_RUNFXN
00000001   SYS$
00010508   SYS$config
0000ba20   SYS_ABORTFXN
0000baa0   SYS_ERRORFXN
0000ba80   SYS_EXITFXN
0000b900   SYS_PUTCFXN
0001051c   TRC_R_mask
00010518   TRC_cinit
00000001   TSK$
00000000   TSK_NUM_HOOKS
00000001   TSK_PRIORITY
00000000   TSK_READYFXN
0000e9c8   TSK_STACKSEG
00000400   TSK_STACKSIZE
00000000   TSK_SWITCHFXN
0000bae0   TSK_VCREATEFXN
0000bae0   TSK_VDELETEFXN
0000bae0   TSK_VEXITFXN
00010414   TSK_idle
0000f3a8   TSK_idle$stack
0000f740   TSK_idle$stkptr
000103ec   TSK_idle$sts
000103e8   TSK_idle$sts$stsobj
00000000   UDEV$
0000b360   _ATM_andi
0000b360   _ATM_andu
0000b380   _ATM_cleari
0000b380   _ATM_clearu
0000b398   _ATM_deci
0000b398   _ATM_decu
0000b3b4   _ATM_inci
0000b3b4   _ATM_incu
0000b3d0   _ATM_ori
0000b3d0   _ATM_oru
0000b3ec   _ATM_seti
0000b3ec   _ATM_setu
0000f7c0   _BIOS_init
0000f99c   _BIOS_start
00015f90   _CLK_COUNTSPMS
00009c50   _CLK_F_itime
00015f90   _CLK_PRD
01940000   _CLK_REGS
00000000   _CLK_TDDR
00000000   _CLK_TIMERNUM
00000001   _CLK_USETIMER
00009c50   _CLK_itime
0000b6a0   _CLK_start
0000b6a0   _CLK_start6x
0000cb40   _CSL_cfgInit
0000c260   _DSK6416_LED_init
0000c2a8   _DSK6416_LED_off
0000c314   _DSK6416_LED_on
0000c380   _DSK6416_LED_toggle
0000be0c   _DSK6416_getVersion
0000bb20   _DSK6416_init
0000bcd0   _DSK6416_rget
0000bd08   _DSK6416_rset
0000fcfc   _DSK6416_version
0000bd50   _DSK6416_wait
0000bdc0   _DSK6416_waitusec
0000c860   _EMIFA_config
0000c900   _EMIFB_config
ffffffff   _FLASH
0000bae0   _FXN_F_nop
0000b5a8   _FXN_F_run
0000b5f8   _FXN_F_zero
00000000   _GBL_CACHE
0000b4a0   _GBL_cslInit
0000eb54   _GBL_cslTimerHandle
0000eb40   _GBL_irqEventTable
0000eb44   _GBL_irqIntTable
0000ffcc   _HST_A_TABBEG
0000fff8   _HST_A_TABEND
00000002   _HST_A_TABLEN
0000eb2c   _HWI_D_spsave
00008e20   _HWI_F_dispatch
0000000a   _HWI_INT10
0000000b   _HWI_INT11
0000000c   _HWI_INT12
0000000d   _HWI_INT13
0000000e   _HWI_INT14
0000000f   _HWI_INT15
00000004   _HWI_INT4
00000005   _HWI_INT5
00000006   _HWI_INT6
00000007   _HWI_INT7
00000008   _HWI_INT8
00000009   _HWI_INT9
00000001   _HWI_NMI
00000002   _HWI_RESERVED0
00000003   _HWI_RESERVED1
00000000   _HWI_RESET
0000f3a0   _HWI_STKBOTTOM
0000efa8   _HWI_STKTOP
0000e7d4   _HWI_dispatchTab
000103fc   _IDL_busyObj
000104f0   _IDL_cpuLoad
0000ba60   _IDL_loop
0000cb80   _IRQ_enable
0000e9c8   _ISRAM
00000200   _ISRAM_base
00008000   _ISRAM_length
0000ea4c   _KNL_alarm
0000ad20   _KNL_check
0000ea6c   _KNL_curqueue
0000ea60   _KNL_curtask
0000ea68   _KNL_curtime
0000e978   _KNL_dummy
0000ae20   _KNL_enter
0000ae94   _KNL_exit
0000adcc   _KNL_idle
0000e9b4   _KNL_idlefxn
0000ea54   _KNL_inactive
0000b220   _KNL_ipost
0000ade8   _KNL_max
0000ea70   _KNL_maxqueue
0000b2c0   _KNL_post
0000ea64   _KNL_prevtask
0000ea58   _KNL_priority
0000e8d8   _KNL_queues
00009ca0   _KNL_run
0000a840   _KNL_saveIsrFrame
0000ea5c   _KNL_set
0000ea50   _KNL_setpri
00010494   _KNL_swi
0000e9b0   _KNL_swiptr
0000a8e8   _KNL_switch
0000ea78   _KNL_tcreatefxn
0000ea7c   _KNL_tdeletefxn
0000a300   _KNL_tick
0000ea80   _KNL_treadyfxn
0000ea74   _KNL_tswitchfxn
0000ea44   _KNL_wFlag
0000ea48   _KNL_wList
0000b028   _LCK_pend
0000afe0   _LCK_post
000104e8   _LNK_dataPump
0000f7a8   _LOG_A_TABBEG
0000f7c0   _LOG_A_TABEND
00000001   _LOG_A_TABLEN
0000e6ac   _LOG_D_system
0000b620   _LOG_event
0000f7a8   _LOG_system
0000e8d4   _MEM
0000e7bc   _MEM_D_NUMSEGMENTS
0000e7c4   _MEM_D_freelist
0000e7c8   _MEM_D_lockaddr
0000e7c0   _MEM_D_memtab
0000e7cc   _MEM_D_unlockaddr
0000b160   _MEM_init
0000e9b8   _MEM_memtab
0000e9e4   _OBJ_table
0000ff04   _PIP_A_TABBEG
0000ffcc   _PIP_A_TABEND
00000002   _PIP_A_TABLEN
0000e770   _PRD_D_tick
0000fff8   _PRD_clock
00010468   _PRD_swi
00010308   _PRDblink_LED0
00010328   _PRDblink_LED1
00010348   _PRDblink_LED2
00010368   _PRDblink_LED3
0000b780   _QUE_get
0000b7a8   _QUE_put
000104ec   _RTA_dispatcher
0000ffd0   _RTA_fromHost
0000ffe4   _RTA_toHost
0000eb58   _RTDX_Buffer
0000ef64   _RTDX_Buffer_End
0000e140   _RTDX_Buffer_Initialize
0000e634   _RTDX_Buffer_Read
0000ef60   _RTDX_Buffer_Start
0000e440   _RTDX_Buffer_Write
0000dc54   _RTDX_Final_RT_Monitor
0000dc68   _RTDX_Init_RT_Monitor
0000e118   _RTDX_IsFlowEnabled
00000002   _RTDX_JTAGONLY
0000e680   _RTDX_Mask_IER
0000dfd0   _RTDX_Mon_Queue
0000dd08   _RTDX_Poll
0000db40   _RTDX_SetInterrupt
0000e698   _RTDX_Set_IER
00000000   _RTDX_interrupt_mask
0000ef74   _RTDX_writing
ffffffff   _SDRAM
0000b720   _SEM_pend
00009800   _SEM_pendEnterKnl
0000af00   _SEM_post
0000b0a0   _SEM_postEnterKnl
00010388   _STS_A_TABBEG
00010408   _STS_A_TABEND
00000008   _STS_A_TABLEN
0000b850   _STS_add
0000b840   _STS_delta
0000b87c   _STS_reset
0000bac0   _STS_set
0000e6d8   _SWI_D_curfxn
0000e6cc   _SWI_D_curmask
0000e6e0   _SWI_D_lock
0000e6ec   _SWI_D_rdybeg
0000b9e0   _SWI_post
0000e7d0   _SYS
0000fd02   _SYS_PUTCBEG
0000ff01   _SYS_PUTCEND
0000b400   _SYS_exit
0000eae0   _SYS_exitStack
0000eb38   _SYS_exitStackPtr
0000eb3c   _SYS_exitStackTop
0000caa0   _TIMER_configArgs
0000c400   _TIMER_open
0000c520   _TIMER_reset
0000cb00   _TIMER_start
0001051c   _TRC_R_mask
0000b8a0   _TRC_disable
0000b8c0   _TRC_enable
0000b8dc   _TRC_query
0000ea3c   _TSK
0000ea84   _TSK_ATTRS
0000a6a0   _TSK_exit
00010414   _TSK_idle
0000b7e0   _TSK_init
0000eb30   _TSK_nTasks
0000eb34   _TSK_pid
0000a4e0   _TSK_setup
0000ab54   _TSK_startup
0000eaa0   _TSK_timerSem
0000ba20   _UTL_doAbort
0000baa0   _UTL_doError
0000b900   _UTL_doPutc
0000ba80   _UTL_halt
00009c64   __CLK_lat1beg
00009c90   __CLK_lat1end
0000bee0   __CSL_init
0000ea40   __HOOK_NUMHOOKS
0000e9c4   __HOOK_knlId
0000b520   __IDL_lat1beg
0000b570   __IDL_lat1end
0000fbf8   __IRQ_dispatchTable
0000fb30   __IRQ_eventTable
0000cb60   __IRQ_hookFetchPacket
0000ca20   __IRQ_init
0000fbb8   __IRQ_intTable
0000ad54   __KNL_lat1beg
0000adcc   __KNL_lat1end
0000b620   __LOG_lat1beg
0000b664   __LOG_lat1end1
0000b690   __LOG_lat1end2
0000b780   __QUE_lat1beg
0000b7a0   __QUE_lat1end
0000b7a8   __QUE_lat2beg
0000b7c0   __QUE_lat2end
00009638   __RTA_lat1beg
00009670   __RTA_lat1end
0000a320   __SEM_dopost
00000400   __STACK_SIZE
00008390   __SWI_lat1beg
0000841c   __SWI_lat1end1
000084d8   __SWI_lat1end2
00008574   __SWI_lat2beg
0000865c   __SWI_lat2end2
00008200   __SWI_lat3beg
00008284   __SWI_lat3end
0000fc90   __TIMER_deviceTable
0000fcbc   __TIMER_hBios
0000fcb4   __TIMER_hDev0
0000fcb8   __TIMER_hDev1
0000eabc   __TSK_mutex
ffffffff   ___binit__
0000e6a0   ___bss__
00010530   ___c_args__
0000cc00   ___cinit__
00000000   ___data__
00000000   ___edata__
0000eb58   ___end__
0000cc00   ___etext__
00010524   ___pinit__
0000bb20   ___text__
0000a9c0   __auto_init
0000fc88   __cleanup_ptr
0000fc8c   __dtors_ptr
0000fcf4   __lock
0000cbc0   __nop
0000cba0   __register_lock
0000cbe0   __register_unlock
0000efa8   __stack
0000c640   __strasg
0000fcf8   __unlock
0000c700   _atexit
0000c7c0   _blink_LED0
0000c7e0   _blink_LED1
0000c800   _blink_LED2
0000c820   _blink_LED3
0000fa40   _c_int00
0000c840   _main
0000c9a0   _memcpy
0000ef68   _rtdx_buffer_state
0000ef88   _rtdx_mon_state
ffffffff   binit
0000cc00   cinit
00000000   edata
0000eb58   end
0000cc00   etext
00000000   hwi0
00000020   hwi1
00000140   hwi10
00000160   hwi11
00000180   hwi12
000001a0   hwi13
000001c0   hwi14
000001e0   hwi15
00000040   hwi2
00000060   hwi3
00000080   hwi4
000000a0   hwi5
000000c0   hwi6
000000e0   hwi7
00000100   hwi8
00000120   hwi9
00010524   pinit


GLOBAL SYMBOLS: SORTED BY Symbol Address 

address    name
--------   ----
00000000   DIO_STATIC
00000000   DPI$
00000000   DIO_NUMSWIBASE
00000000   DIO_NUMTSKBASE
00000000   _RTDX_interrupt_mask
00000000   SWI_IHOOKFXN
00000000   SWI_EHOOKFXN
00000000   _HWI_RESET
00000000   DIO$
00000000   GIO$
00000000   TSK_SWITCHFXN
00000000   UDEV$
00000000   CLK_TIMERNUM
00000000   DHL$
00000000   DHL_gChannelsAvailable
00000000   DEV$
00000000   DGN$
00000000   TSK_READYFXN
00000000   GBL_L2MARMASK4
00000000   GBL_L2MARMASK5
00000000   GBL_L2MARMASK2
00000000   GBL_L2MARMASK3
00000000   GBL_NULL
00000000   GBL_ROM
00000000   GBL_L2MODE
00000000   GBL_L2PRIORITY
00000000   GBL_L2MARMASK1
00000000   GBL_CACHE
00000000   GBL_USERINIT
00000000   GBL_BIGENDIAN
00000000   GBL_C641XL2PRIORITY
00000000   GBL_L2CONFIGURE
00000000   GBL_L2MARMASK
00000000   TSK_NUM_HOOKS
00000000   GBL_L2CONFIGALLOC
00000000   HST_DSM
00000000   HWI_GENERATE_RESET_VEC
00000000   HWI_POLARITYMASK
00000000   HST_NONE
00000000   .data
00000000   _GBL_CACHE
00000000   MEM_NULL
00000000   OBJ$
00000000   BUF$
00000000   PIP$
00000000   PIP_gNextId
00000000   HWI_A_VECS
00000000   HWI_RESET
00000000   hwi0
00000000   _CLK_TDDR
00000000   SIO$
00000000   _CLK_TIMERNUM
00000000   CLK_TDDRHIGH
00000000   CLK_TDDR
00000000   MBX$
00000000   SEM$
00000000   ___data__
00000000   ___edata__
00000000   edata
00000000   RTDX_USERTEXECUTION
00000000   HOOK$
00000000   HOOK_KNLID
00000001   HWI_NMI
00000001   HWI$
00000001   HST_RTDX
00000001   _CLK_USETIMER
00000001   GBL_boot
00000001   _HWI_NMI
00000001   HST$
00000001   IDL$
00000001   _LOG_A_TABLEN
00000001   GBL_SUPPORTCSL
00000001   HWI_ZEROTAB
00000001   TSK_PRIORITY
00000001   QUE$
00000001   PRD$
00000001   CLK_COUNTSPMSHIGH
00000001   RTDX_USERTDX
00000001   RTDX_NORMALIZED_HDR
00000001   RTDX$
00000001   CLK$
00000001   LOG_A_TABLEN
00000001   MEM$
00000001   LOG_ENABLED
00000001   BUF_ENABLED
00000001   LOG$
00000001   MEM_gNumHeap
00000001   IDL_USECLKIDLTIME
00000001   GBL_CALLCSLCFGINIT
00000001   CLK_USETIMER
00000001   ISRC$
00000001   GBL$
00000001   LCK$
00000001   SWI$
00000001   STS$
00000001   CLK_PRDHIGH
00000001   TSK$
00000001   GBL_ENABLEINST
00000001   SYS$
00000002   HWI_RESERVED0
00000002   PRD_SCALAR
00000002   IDL_A_TABLEN
00000002   SWI_A_TABLEN
00000002   _HST_A_TABLEN
00000002   PIP_A_TABLEN
00000002   PIP_gNumEmbed
00000002   IDL_A_CALLEN
00000002   _HWI_RESERVED0
00000002   HST_A_TABLEN
00000002   _RTDX_JTAGONLY
00000002   _PIP_A_TABLEN
00000003   HWI_RESERVED1
00000003   _HWI_RESERVED1
00000004   HWI_INT4
00000004   _HWI_INT4
00000004   PRD_A_TABLEN
00000005   _HWI_INT5
00000005   HWI_INT5
00000006   _HWI_INT6
00000006   HWI_INT6
00000007   HWI_INT7
00000007   _HWI_INT7
00000008   _HWI_INT8
00000008   CLK_A_TABLEN
00000008   HWI_INT8
00000008   _STS_A_TABLEN
00000008   STS_A_TABLEN
00000009   _HWI_INT9
00000009   HWI_INT9
0000000a   HWI_INT10
0000000a   _HWI_INT10
0000000b   HWI_INT11
0000000b   _HWI_INT11
0000000c   HWI_INT12
0000000c   _HWI_INT12
0000000d   HWI_INT13
0000000d   _HWI_INT13
0000000e   _HWI_INT14
0000000e   HWI_INT14
0000000f   _HWI_INT15
0000000f   HWI_INT15
00000020   CLK_TCR
00000020   hwi1
00000040   LOG_system$size
00000040   hwi2
00000040   HST_MAXFRAMESET
00000042   GBL_FOOTPRINT
00000060   hwi3
00000080   hwi4
000000a0   hwi5
000000c0   hwi6
000000e0   hwi7
00000100   HST_MAXFRAMEALLOWED
00000100   hwi8
00000120   hwi9
00000140   hwi10
00000160   hwi11
00000180   hwi12
000001a0   hwi13
000001c0   hwi14
000001e0   hwi15
00000200   _ISRAM_base
00000200   ISRAM$B
00000400   HST_DSMMEMSIZE
00000400   __STACK_SIZE
00000400   TSK_STACKSIZE
00000408   RTDX_BUFMEMSIZE
00000490   GBL_A_VERSION
00002226   GBL_L2ALLOC
00004000   CLK_INTBIT
00008000   ISRAM$L
00008000   _ISRAM_length
00008200   SWI_F_enable
00008200   __SWI_lat3beg
00008284   __SWI_lat3end
00008288   SWI_F_post
00008390   __SWI_lat1beg
0000841c   __SWI_lat1end1
00008420   SWI_F_exec
00008498   SWI_F_iexec
00008498   SWI_EXECFXN
000084d8   __SWI_lat1end2
00008574   __SWI_lat2beg
0000865c   __SWI_lat2end2
00008660   SWI_RUNFXN
00008660   SWI_F_run
000088e0   LNK_F_checkBufferCall
00008900   LNK_F_getChanPtr
0000894c   LNK_F_init
00008954   LNK_F_dataPump
00008960   LNK_rcloop
00008a10   LNK_rdrtry
00008a18   LNK_rrloop
00008acc   LNK_wrrtry
00008ad4   LNK_wrloop
00008ba4   LNK_newin
00008cb4   LNK_newout
00008df4   LNK_F_readCallBack
00008e20   _HWI_F_dispatch
00008e20   CLK_HOOKFXN
00008e20   HWI_F_dispatch
00009260   PRD_F_swi
000094bc   PRD_F_tick
00009580   RTA_F_getlog
000095c4   RTA_F_getsts
0000960c   RTA_F_readblk
0000962c   RTA_F_writeword
00009638   __RTA_lat1beg
00009638   RTA_F_resetmem
00009670   __RTA_lat1end
00009678   RTA_F_dispatch
000096b8   RTA_execute
00009800   _SEM_pendEnterKnl
00009a60   CLK_F_getfhtime
00009a80   CLK_F_getshtime
00009a80   CLK_F_gethtime
00009a80   CLK_TIMEFXN
00009af4   CLK_F_getltime
00009b00   CLK_F_isr
00009c50   _CLK_F_itime
00009c50   _CLK_itime
00009c50   CLK_F_itime
00009c64   __CLK_lat1beg
00009c90   __CLK_lat1end
00009ca0   _KNL_run
00009ee0   PIP_F_take
00009f74   PIP_F_probe
00009f74   PIP_F_give
0000a048   PIP_F_start
0000a300   _KNL_tick
0000a300   PRD_THOOKFXN
0000a320   __SEM_dopost
0000a4e0   _TSK_setup
0000a6a0   _TSK_exit
0000a840   _KNL_saveIsrFrame
0000a8e8   _KNL_switch
0000a990   KNL_glue
0000a9c0   __auto_init
0000ab54   _TSK_startup
0000ac20   IDL_F_calibrate
0000ad20   _KNL_check
0000ad54   __KNL_lat1beg
0000adcc   _KNL_idle
0000adcc   __KNL_lat1end
0000ade8   _KNL_max
0000ae20   _KNL_enter
0000ae94   _KNL_exit
0000af00   _SEM_post
0000afe0   _LCK_post
0000b028   _LCK_pend
0000b0a0   _SEM_postEnterKnl
0000b160   _MEM_init
0000b220   _KNL_ipost
0000b2c0   _KNL_post
0000b360   _ATM_andi
0000b360   _ATM_andu
0000b380   _ATM_cleari
0000b380   _ATM_clearu
0000b398   _ATM_decu
0000b398   _ATM_deci
0000b3b4   _ATM_incu
0000b3b4   _ATM_inci
0000b3d0   _ATM_oru
0000b3d0   _ATM_ori
0000b3ec   _ATM_setu
0000b3ec   _ATM_seti
0000b400   _SYS_exit
0000b4a0   _GBL_cslInit
0000b520   IDL_F_busy
0000b520   __IDL_lat1beg
0000b570   __IDL_lat1end
0000b5a0   FXN_F_nop
0000b5a8   FXN_F_run
0000b5a8   _FXN_F_run
0000b5f8   FXN_F_zero
0000b5f8   _FXN_F_zero
0000b620   _LOG_event
0000b620   LOG_F_event
0000b620   __LOG_lat1beg
0000b664   __LOG_lat1end1
0000b690   __LOG_lat1end2
0000b6a0   _CLK_start
0000b6a0   _CLK_start6x
0000b720   _SEM_pend
0000b780   _QUE_get
0000b780   __QUE_lat1beg
0000b7a0   __QUE_lat1end
0000b7a8   _QUE_put
0000b7a8   __QUE_lat2beg
0000b7c0   __QUE_lat2end
0000b7e0   _TSK_init
0000b840   _STS_delta
0000b840   STS_F_delta
0000b850   _STS_add
0000b850   STS_F_add
0000b87c   _STS_reset
0000b87c   STS_F_reset
0000b8a0   _TRC_disable
0000b8c0   _TRC_enable
0000b8dc   _TRC_query
0000b900   SYS_PUTCFXN
0000b900   _UTL_doPutc
0000b960   RTA_F_andn
0000b980   RTA_F_or
0000b9a0   IDL_CALIBRFXN
0000b9a0   IDL_F_stub
0000b9e0   _SWI_post
0000ba20   SYS_ABORTFXN
0000ba20   _UTL_doAbort
0000ba60   _IDL_loop
0000ba60   IDL_F_loop
0000ba80   SYS_EXITFXN
0000ba80   _UTL_halt
0000baa0   _UTL_doError
0000baa0   SYS_ERRORFXN
0000bac0   _STS_set
0000bae0   GIO_PENDFXN
0000bae0   GIO_DELETEFXN
0000bae0   _FXN_F_nop
0000bae0   GIO_POSTFXN
0000bae0   TSK_VCREATEFXN
0000bae0   GIO_CREATEFXN
0000bae0   GBL_USERINITFXN
0000bae0   TSK_VDELETEFXN
0000bae0   TSK_VEXITFXN
0000bb00   GBL_F_version
0000bb20   _DSK6416_init
0000bb20   .text
0000bb20   ___text__
0000bcd0   _DSK6416_rget
0000bd08   _DSK6416_rset
0000bd50   _DSK6416_wait
0000bdc0   _DSK6416_waitusec
0000be0c   _DSK6416_getVersion
0000bee0   __CSL_init
0000c260   _DSK6416_LED_init
0000c2a8   _DSK6416_LED_off
0000c314   _DSK6416_LED_on
0000c380   _DSK6416_LED_toggle
0000c400   _TIMER_open
0000c520   _TIMER_reset
0000c640   __strasg
0000c700   _atexit
0000c7c0   _blink_LED0
0000c7e0   _blink_LED1
0000c800   _blink_LED2
0000c820   _blink_LED3
0000c840   _main
0000c860   _EMIFA_config
0000c900   _EMIFB_config
0000c9a0   _memcpy
0000ca20   __IRQ_init
0000caa0   _TIMER_configArgs
0000cb00   _TIMER_start
0000cb40   _CSL_cfgInit
0000cb60   __IRQ_hookFetchPacket
0000cb80   _IRQ_enable
0000cba0   __register_lock
0000cbc0   __nop
0000cbe0   __register_unlock
0000cc00   cinit
0000cc00   ___cinit__
0000cc00   etext
0000cc00   ___etext__
0000db2c   RTA_fromHost$buf
0000db40   _RTDX_SetInterrupt
0000dbef   GBL_TRCMASKVALUE
0000dc54   _RTDX_Final_RT_Monitor
0000dc68   _RTDX_Init_RT_Monitor
0000dd08   _RTDX_Poll
0000dfd0   _RTDX_Mon_Queue
0000e118   _RTDX_IsFlowEnabled
0000e140   _RTDX_Buffer_Initialize
0000e440   _RTDX_Buffer_Write
0000e634   _RTDX_Buffer_Read
0000e680   _RTDX_Mask_IER
0000e698   _RTDX_Set_IER
0000e6a0   .bss
0000e6a0   ___bss__
0000e6a0   $bss
0000e6a0   IDL_D_tabbeg
0000e6a4   IDL_D_calibrate
0000e6a8   IDL_D_calbeg
0000e6ac   LOG_D_system
0000e6ac   _LOG_D_system
0000e6b0   PIP_D_tabbeg
0000e6b4   PIP_D_tablen
0000e6b8   CLK_R_time
0000e6bc   CLK_D_timefxn
0000e6c0   CLK_D_tabbeg
0000e6c4   CLK_D_isrhook
0000e6c8   CLK_D_idletime
0000e6cc   SWI_D_curmask
0000e6cc   _SWI_D_curmask
0000e6d0   SWI_D_curset
0000e6d4   SWI_D_pending
0000e6d8   _SWI_D_curfxn
0000e6d8   SWI_D_curfxn
0000e6dc   SWI_D_curmbox
0000e6e0   _SWI_D_lock
0000e6e0   SWI_D_lock
0000e6e4   SWI_D_execaddr
0000e6e8   SWI_D_runaddr
0000e6ec   _SWI_D_rdybeg
0000e6ec   SWI_D_rdybeg
0000e6f0   SWI_D_ihook
0000e6f4   SWI_D_ehook
0000e6f8   SWI_D_rdytab
0000e770   _PRD_D_tick
0000e770   PRD_D_tick
0000e774   PRD_D_cur
0000e778   PRD_D_elapsed
0000e77c   PRD_D_prevtim
0000e780   PRD_D_scalar
0000e784   PRD_D_swihandle
0000e788   PRD_D_tabbeg
0000e78c   PRD_D_tablen
0000e790   PRD_D_thook
0000e794   RTA_D_fromHost
0000e798   RTA_D_toHost
0000e79c   RTA_D_logval
0000e7ac   RTA_D_stsval
0000e7b8   HST_D_chanmask
0000e7bc   _MEM_D_NUMSEGMENTS
0000e7c0   _MEM_D_memtab
0000e7c4   _MEM_D_freelist
0000e7c8   _MEM_D_lockaddr
0000e7cc   _MEM_D_unlockaddr
0000e7d0   _SYS
0000e7d4   _HWI_dispatchTab
0000e8d4   _MEM
0000e8d8   _KNL_queues
0000e978   _KNL_dummy
0000e9b0   _KNL_swiptr
0000e9b4   _KNL_idlefxn
0000e9b8   _MEM_memtab
0000e9c4   __HOOK_knlId
0000e9c8   ISRAM
0000e9c8   MEM_MALLOCSEG
0000e9c8   _ISRAM
0000e9c8   RTDX_DATAMEMSEG
0000e9c8   TSK_STACKSEG
0000e9c8   HST_DSMBUFSEG
0000e9c8   MEM_SEGZERO
0000e9cc   RTA_fromHost$pipe$dtab
0000e9d8   RTA_toHost$pipe$dtab
0000e9e4   _OBJ_table
0000ea3c   _TSK
0000ea40   __HOOK_NUMHOOKS
0000ea44   _KNL_wFlag
0000ea48   _KNL_wList
0000ea4c   _KNL_alarm
0000ea50   _KNL_setpri
0000ea54   _KNL_inactive
0000ea58   _KNL_priority
0000ea5c   _KNL_set
0000ea60   _KNL_curtask
0000ea64   _KNL_prevtask
0000ea68   _KNL_curtime
0000ea6c   _KNL_curqueue
0000ea70   _KNL_maxqueue
0000ea74   _KNL_tswitchfxn
0000ea78   _KNL_tcreatefxn
0000ea7c   _KNL_tdeletefxn
0000ea80   _KNL_treadyfxn
0000ea84   _TSK_ATTRS
0000eaa0   _TSK_timerSem
0000eabc   __TSK_mutex
0000eae0   _SYS_exitStack
0000eb00   LNK_dspFrameRequestMask
0000eb04   LNK_dspFrameReadyMask
0000eb08   LNK_readPend
0000eb0c   LNK_readDone
0000eb10   LNK_readFail
0000eb14   LNK_writeFail
0000eb28   HWI_D_ccmask
0000eb2c   _HWI_D_spsave
0000eb30   _TSK_nTasks
0000eb34   _TSK_pid
0000eb38   _SYS_exitStackPtr
0000eb3c   _SYS_exitStackTop
0000eb40   _GBL_irqEventTable
0000eb44   _GBL_irqIntTable
0000eb50   IDL_D_busyObj
0000eb54   _GBL_cslTimerHandle
0000eb58   _RTDX_Buffer
0000eb58   end
0000eb58   ___end__
0000ef60   _RTDX_Buffer_Start
0000ef64   _RTDX_Buffer_End
0000ef68   _rtdx_buffer_state
0000ef74   _RTDX_writing
0000ef88   _rtdx_mon_state
0000efa8   GBL_stackbeg
0000efa8   _HWI_STKTOP
0000efa8   __stack
0000f3a0   _HWI_STKBOTTOM
0000f3a7   GBL_stackend
0000f3a8   TSK_idle$stack
0000f740   TSK_idle$stkptr
0000f7a8   _LOG_A_TABBEG
0000f7a8   _LOG_system
0000f7a8   LOG_A_TABBEG
0000f7a8   LOG_system
0000f7c0   _LOG_A_TABEND
0000f7c0   _BIOS_init
0000f7c0   BIOS_init
0000f7c0   LOG_A_TABEND
0000f90c   BIOS$$CLKON
0000f93c   BIOS$$CLKOFF
0000f99c   _BIOS_start
0000f99c   BIOS_start
0000fa40   _c_int00
0000fb30   __IRQ_eventTable
0000fbb8   __IRQ_intTable
0000fbf8   __IRQ_dispatchTable
0000fc88   __cleanup_ptr
0000fc8c   __dtors_ptr
0000fc90   __TIMER_deviceTable
0000fcb4   __TIMER_hDev0
0000fcb8   __TIMER_hDev1
0000fcbc   __TIMER_hBios
0000fcf4   __lock
0000fcf8   __unlock
0000fcfc   _DSK6416_version
0000fd02   _SYS_PUTCBEG
0000ff01   _SYS_PUTCEND
0000ff04   _PIP_A_TABBEG
0000ff04   PIP_A_TABBEG
0000ff04   RTA_fromHost$pipe
0000ff08   RTA_fromHost$pipe$rd
0000ff34   RTA_fromHost$pipe$aaa
0000ff38   RTA_fromHost$pipe$wr
0000ff64   RTA_fromHost$pipe$bbb
0000ff68   RTA_toHost$pipe
0000ff6c   RTA_toHost$pipe$rd
0000ff98   RTA_toHost$pipe$aaa
0000ff9c   RTA_toHost$pipe$wr
0000ffc8   RTA_toHost$pipe$bbb
0000ffcc   _HST_A_TABBEG
0000ffcc   HST_A_TABBEG
0000ffcc   PIP_A_TABEND
0000ffcc   _PIP_A_TABEND
0000ffd0   RTA_fromHost
0000ffd0   _RTA_fromHost
0000ffd8   RTA_fromHost$rtdx
0000ffe4   RTA_toHost
0000ffe4   _RTA_toHost
0000ffec   RTA_toHost$rtdx
0000fff8   PRD_clock
0000fff8   CLK_A_TABBEG
0000fff8   _HST_A_TABEND
0000fff8   HST_A_TABEND
0000fff8   _PRD_clock
0000fffc   CLK_null
00010000   CLK_A_TABEND
00010000   LOG_system$buf
00010208   RTA_toHost$buf
00010308   PRDblink_LED0
00010308   _PRDblink_LED0
00010308   PRD_A_TABBEG
00010324   PRDblink_LED0$aaa
00010328   PRDblink_LED1
00010328   _PRDblink_LED1
00010344   PRDblink_LED1$aaa
00010348   PRDblink_LED2
00010348   _PRDblink_LED2
00010364   PRDblink_LED2$aaa
00010368   PRDblink_LED3
00010368   _PRDblink_LED3
00010384   PRDblink_LED3$aaa
00010388   PRDblink_LED0$sts$stsobj
00010388   _STS_A_TABBEG
00010388   STS_A_TABBEG
00010388   PRD_A_TABEND
0001038c   PRDblink_LED0$sts
00010398   PRDblink_LED1$sts$stsobj
0001039c   PRDblink_LED1$sts
000103a8   PRDblink_LED2$sts$stsobj
000103ac   PRDblink_LED2$sts
000103b8   PRDblink_LED3$sts$stsobj
000103bc   PRDblink_LED3$sts
000103c8   PRD_swi$sts$stsobj
000103cc   PRD_swi$sts
000103d8   KNL_swi$sts$stsobj
000103dc   KNL_swi$sts
000103e8   TSK_idle$sts$stsobj
000103ec   TSK_idle$sts
000103f8   IDL_busyObj$stsobj
000103fc   _IDL_busyObj
000103fc   IDL_busyObj
00010408   STS_A_TABEND
00010408   _STS_A_TABEND
00010414   TSK_idle
00010414   _TSK_idle
00010468   _PRD_swi
00010468   PRD_SWIHANDLE
00010468   PRD_swi
00010468   SWI_A_TABBEG
00010494   KNL_swi
00010494   _KNL_swi
000104c0   SWI_A_TABEND
000104e8   LNK_dataPump
000104e8   _LNK_dataPump
000104e8   IDL_A_TABBEG
000104ec   _RTA_dispatcher
000104ec   RTA_dispatcher
000104f0   _IDL_cpuLoad
000104f0   IDL_cpuLoad
000104f4   IDL_END
000104f8   IDL_A_TABEND
000104f8   LNK_dataPump$
000104f8   IDL_A_CALBEG
000104fc   RTA_dispatcher$
00010500   IDL_cpuLoad$
00010504   IDL_END$
00010508   IDL_A_CALEND
00010508   SYS$config
00010518   TRC_cinit
0001051c   _TRC_R_mask
0001051c   TRC_R_mask
00010520   GBL_initdone
00010524   ___pinit__
00010524   pinit
00010530   ___c_args__
00015f90   CLK_PRD
00015f90   CLK_COUNTSPMS
00015f90   _CLK_COUNTSPMS
00015f90   _CLK_PRD
01940000   CLK_REGS
01940000   _CLK_REGS
082039a3   HWI_INTRMULTHIGH
250718a4   HWI_INTRMULTLOW
ffffffff   binit
ffffffff   _SDRAM
ffffffff   FLASH
ffffffff   _FLASH
ffffffff   SDRAM
ffffffff   ___binit__

[639 symbols]
