******************************************************************************
          TMS320C6x COFF Linker PC v5.1.0                      
******************************************************************************
>> Linked Sun Feb 17 10:38:45 2013

OUTPUT FILE NAME:   <./Debug/dsplibtest.out>
ENTRY POINT SYMBOL: "_c_int00"  address: 000035e0


MEMORY CONFIGURATION

                  name            origin    length      used    attr    fill
         ----------------------  --------  ---------  --------  ----  --------
         IVECS                   00000000   00000220  00000200  RWIX
         IRAM                    00000220   0002fde0  00004b84  RWIX
         SDRAM                   80000000   00100000  00000000  RWIX
         FLASH                   90000000   00020000  00000000  RWIX


SECTION ALLOCATION MAP

 output                                  attributes/
section   page    origin      length       input sections
--------  ----  ----------  ----------   ----------------
.EXT_RAM   0    80000000    00000000     UNINITIALIZED

.data      0    00000000    00000000     UNINITIALIZED

.vectors   0    00000000    00000200     
                  00000000    00000200     Vectors_intr.obj (.vectors)

.far       0    00000000    003892d4     UNINITIALIZED
                  00000000    00389008     dsptest.obj (.far)
                  00389008    00000100     csl6416.lib : csl_irq.obj (.far)
                  00389108    00000090     rts6400.lib : exit.obj (.far)
                  00389198    0000005a     c6416dskinit.obj (.far)
                  003891f2    00000004     dsk6416bsl.lib : dsk6416.obj (.far)
                  003891f8    00000054     csl6416.lib : csl_mcbsp.obj (.far)
                  00389250    00000040     rts6400.lib : cos.obj (.far)
                  00389290    00000020     dsk6416bsl.lib : dsk6416_aic23_setfreq.obj (.far)
                  003892b0    00000014                    : dsk6416_aic23_registers.obj (.far)
                  003892c4    00000008                    : dsk6416_aic23_opencodec.obj (.far)
                  003892cc    00000008     rts6400.lib : _lock.obj (.far)

.bss       0    00000220    00000000     UNINITIALIZED

.sysmem    0    00000220    00000000     UNINITIALIZED

.switch    0    00000220    00000000     UNINITIALIZED

.cio       0    00000220    00000000     UNINITIALIZED

.csldata   0    00000220    00000000     UNINITIALIZED

.text      0    00000220    00003740     
                  00000220    00000700     c6416dskinit.obj (.text)
                  00000920    00000500     rts6400.lib : cos.obj (.text:_cos)
                  00000e20    000003c0     dsk6416bsl.lib : dsk6416.obj (.text)
                  000011e0    00000340     dsptest.obj (.text)
                  00001520    00000300     rts6400.lib : frcdivd.obj (.text:__frcdivd)
                  00001820    00000240                 : frcaddd.obj (.text:__frcaddd)
                  00001a60    00000220     dsk6416bsl.lib : dsk6416_aic23_registers.obj (.text)
                  00001c80    00000220                    : dsk6416_aic23_opencodec.obj (.text)
                  00001ea0    000001e0     csl6416.lib : csl_irq.obj (.text:_IRQ_map)
                  00002080    000001e0                 : csl_mcbsp.obj (.text:_MCBSP_reset)
                  00002260    000001c0     rts6400.lib : divd.obj (.text:__divd)
                  00002420    000001c0                 : mpyd.obj (.text:__mpyd)
                  000025e0    00000160                 : round.obj (.text:__round)
                  00002740    00000160                 : addd.obj (.text:__addd)
                  000028a0    00000120                 : frcmpyd.obj (.text:__frcmpyd)
                  000029c0    00000100                 : autoinit.obj (.text:__auto_init)
                  00002ac0    00000100                 : exit.obj (.text:_exit)
                  00002bc0    00000100     dsk6416bsl.lib : dsk6416_aic23_setfreq.obj (.text)
                  00002cc0    000000e0     csl6416.lib : csl_mcbsp.obj (.text:_MCBSP_start)
                  00002da0    000000e0     rts6400.lib : modf.obj (.text:_modf)
                  00002e80    000000e0     csl6416.lib : csl_mcbsp.obj (.text:_MCBSP_open)
                  00002f60    000000c0                 : csl_mcbsp.obj (.text:_MCBSP_config)
                  00003020    000000c0     rts6400.lib : strasg.obj (.text:__strasg)
                  000030e0    000000c0     csl6416.lib : csl_irq.obj (.text:_setMux)
                  000031a0    000000a0                 : csl_emifb.obj (.text:_EMIFB_config)
                  00003240    000000a0     rts6400.lib : cvtdf.obj (.text:__cvtdf)
                  000032e0    000000a0                 : fixdi.obj (.text:__fixdi)
                  00003380    000000a0                 : cmpd.obj (.text:__cmpd)
                  00003420    000000a0     csl6416.lib : csl_emifa.obj (.text:_EMIFA_config)
                  000034c0    000000a0     rts6400.lib : renormd.obj (.text:_renormd)
                  00003560    00000080                 : memcpy64.obj (.text:_memcpy)
                  000035e0    00000060                 : boot.obj (.text:_c_int00)
                  00003640    00000060                 : fltid.obj (.text:__fltid)
                  000036a0    00000040                 : args_main.obj (.text:__args_main)
                  000036e0    00000040                 : negd.obj (.text:__negd)
                  00003720    00000040                 : subd.obj (.text:__subd)
                  00003760    00000040     csl6416.lib : csl_irq.obj (.text:_IRQ_reset)
                  000037a0    00000020     rts6400.lib : _lock.obj (.text:__nop)
                  000037c0    00000020     csl6416.lib : csl_mcbsp.obj (.text:_MCBSP_rrdy)
                  000037e0    00000020                 : csl_mcbsp.obj (.text:_MCBSP_getXmtEventId)
                  00003800    00000020     rts6400.lib : trunc.obj (.text:__trunc)
                  00003820    00000020     csl6416.lib : csl_mcbsp.obj (.text:_MCBSP_xrdy)
                  00003840    00000020                 : csl_irq.obj (.text:_IRQ_nmiEnable)
                  00003860    00000020     rts6400.lib : exit.obj (.text:_abort)
                  00003880    00000020     csl6416.lib : csl_mcbsp.obj (.text:_MCBSP_write)
                  000038a0    00000020                 : csl_irq.obj (.text)
                  000038c0    00000020                 : csl_irq.obj (.text:_IRQ_globalEnable)
                  000038e0    00000020                 : csl_irq.obj (.text:_IRQ_enable)
                  00003900    00000020     Vectors_intr.obj (.text)
                  00003920    00000020     csl6416.lib : csl_mcbsp.obj (.text:_MCBSP_read)
                  00003940    00000020                 : csl_irq.obj (.text:_IRQ_globalDisable)

.stack     0    00003960    00001000     UNINITIALIZED
                  00003960    00000008     rts6400.lib : boot.obj (.stack)

.cinit     0    00004960    00000314     
                  00004960    0000012c     csl6416.lib : csl_irq.obj (.cinit)
                  00004a8c    00000004     --HOLE-- [fill = 0]
                  00004a90    0000007c                 : csl_mcbsp.obj (.cinit)
                  00004b0c    00000004     --HOLE-- [fill = 0]
                  00004b10    0000005c     c6416dskinit.obj (.cinit)
                  00004b6c    00000004     --HOLE-- [fill = 0]
                  00004b70    00000048     rts6400.lib : cos.obj (.cinit)
                  00004bb8    0000002c                 : exit.obj (.cinit)
                  00004be4    00000004     --HOLE-- [fill = 0]
                  00004be8    00000028     dsk6416bsl.lib : dsk6416_aic23_setfreq.obj (.cinit)
                  00004c10    0000001c                    : dsk6416_aic23_registers.obj (.cinit)
                  00004c2c    00000004     --HOLE-- [fill = 0]
                  00004c30    0000001c     rts6400.lib : _lock.obj (.cinit)
                  00004c4c    00000004     --HOLE-- [fill = 0]
                  00004c50    0000001a     dsptest.obj (.cinit)
                  00004c6a    0000000a     --HOLE-- [fill = 0]

.const     0    00004c74    00000130     
                  00004c74    000000c0     dsk6416bsl.lib : dsk6416.obj (.const)
                  00004d34    00000070                    : dsk6416_aic23_opencodec.obj (.const)


GLOBAL SYMBOLS: SORTED ALPHABETICALLY BY Name 

address    name
--------   ----
00000220   $bss
00000220   .bss
00000000   .data
00000220   .text
00003860   C$$EXIT
003891a4   _AIC23CfgData
00389198   _AIC_data
003892c4   _DSK6416_AIC23_codeccontrolhandle
003892c8   _DSK6416_AIC23_codecdatahandle
00001bbc   _DSK6416_AIC23_config
00001c80   _DSK6416_AIC23_openCodec
00001b7c   _DSK6416_AIC23_rget
00001a60   _DSK6416_AIC23_rset
00002bc0   _DSK6416_AIC23_setFreq
0000110c   _DSK6416_getVersion
00000e20   _DSK6416_init
00000fd0   _DSK6416_rget
00001008   _DSK6416_rset
003891f2   _DSK6416_version
00001050   _DSK6416_wait
000010c0   _DSK6416_waitusec
00003420   _EMIFA_config
000031a0   _EMIFB_config
000038e0   _IRQ_enable
00003940   _IRQ_globalDisable
000038c0   _IRQ_globalEnable
00001ea0   _IRQ_map
00003840   _IRQ_nmiEnable
00003760   _IRQ_reset
00002f60   _MCBSP_config
000037e0   _MCBSP_getXmtEventId
00002e80   _MCBSP_open
00003920   _MCBSP_read
00002080   _MCBSP_reset
000037c0   _MCBSP_rrdy
00002cc0   _MCBSP_start
00003880   _MCBSP_write
00003820   _MCBSP_xrdy
00389100   __IRQ_dispatchTable
00389038   __IRQ_eventTable
000038a0   __IRQ_hookFetchPacket
003890c0   __IRQ_intTable
00389240   __MCBSP_hDev0
00389244   __MCBSP_hDev1
00389248   __MCBSP_hDev2
00001000   __STACK_SIZE
ffffffff   ___binit__
00000220   ___bss__
ffffffff   ___c_args__
00004960   ___cinit__
00000000   ___data__
00000000   ___edata__
00000220   ___end__
00003960   ___etext__
ffffffff   ___pinit__
00000220   ___text__
00002740   __addd
000036a0   __args_main
000029c0   __auto_init
00389190   __cleanup_ptr
00003380   __cmpd
00003240   __cvtdf
00002260   __divd
00389194   __dtors_ptr
000032e0   __fixdi
00003640   __fltid
00001820   __frcaddd
00001520   __frcdivd
000028a0   __frcmpyd
003892cc   __lock
00002420   __mpyd
000036e0   __negd
000037a0   __nop
000025e0   __round
00003960   __stack
00003020   __strasg
00003720   __subd
00003800   __trunc
003892d0   __unlock
00003860   _abort
00000220   _c6416_dsk_init
000035e0   _c_int00
000012e8   _c_int11
00000324   _comm_intr
000002f4   _comm_poll
003891dc   _config
00000920   _cos
00002ac0   _exit
00001008   _firstBuff
00009008   _frames
00000000   _fs
003891f0   _hAIC23_handle
00000008   _hann
000011e0   _initHann
000007c8   _input_left_sample
00000874   _input_right_sample
000006cc   _input_sample
00000004   _inputsource
000014f0   _main
00003560   _memcpy
00002da0   _modf
00000534   _output_left_sample
00000600   _output_right_sample
00000418   _output_sample
000012cc   _pitchshift
000034c0   _renormd
00005008   _secondBuff
00000020   _vector1
00000140   _vector10
00000180   _vector12
000001a0   _vector13
000001c0   _vector14
000001e0   _vector15
00000040   _vector2
00000060   _vector3
00000080   _vector4
000000a0   _vector5
000000c0   _vector6
000000e0   _vector7
00000100   _vector8
00000120   _vector9
00000000   _vectors
ffffffff   binit
00004960   cinit
00000000   edata
00000220   end
00003960   etext
ffffffff   pinit


GLOBAL SYMBOLS: SORTED BY Symbol Address 

address    name
--------   ----
00000000   ___data__
00000000   _vectors
00000000   ___edata__
00000000   edata
00000000   _fs
00000000   .data
00000004   _inputsource
00000008   _hann
00000020   _vector1
00000040   _vector2
00000060   _vector3
00000080   _vector4
000000a0   _vector5
000000c0   _vector6
000000e0   _vector7
00000100   _vector8
00000120   _vector9
00000140   _vector10
00000180   _vector12
000001a0   _vector13
000001c0   _vector14
000001e0   _vector15
00000220   .bss
00000220   ___bss__
00000220   ___end__
00000220   ___text__
00000220   end
00000220   _c6416_dsk_init
00000220   .text
00000220   $bss
000002f4   _comm_poll
00000324   _comm_intr
00000418   _output_sample
00000534   _output_left_sample
00000600   _output_right_sample
000006cc   _input_sample
000007c8   _input_left_sample
00000874   _input_right_sample
00000920   _cos
00000e20   _DSK6416_init
00000fd0   _DSK6416_rget
00001000   __STACK_SIZE
00001008   _DSK6416_rset
00001008   _firstBuff
00001050   _DSK6416_wait
000010c0   _DSK6416_waitusec
0000110c   _DSK6416_getVersion
000011e0   _initHann
000012cc   _pitchshift
000012e8   _c_int11
000014f0   _main
00001520   __frcdivd
00001820   __frcaddd
00001a60   _DSK6416_AIC23_rset
00001b7c   _DSK6416_AIC23_rget
00001bbc   _DSK6416_AIC23_config
00001c80   _DSK6416_AIC23_openCodec
00001ea0   _IRQ_map
00002080   _MCBSP_reset
00002260   __divd
00002420   __mpyd
000025e0   __round
00002740   __addd
000028a0   __frcmpyd
000029c0   __auto_init
00002ac0   _exit
00002bc0   _DSK6416_AIC23_setFreq
00002cc0   _MCBSP_start
00002da0   _modf
00002e80   _MCBSP_open
00002f60   _MCBSP_config
00003020   __strasg
000031a0   _EMIFB_config
00003240   __cvtdf
000032e0   __fixdi
00003380   __cmpd
00003420   _EMIFA_config
000034c0   _renormd
00003560   _memcpy
000035e0   _c_int00
00003640   __fltid
000036a0   __args_main
000036e0   __negd
00003720   __subd
00003760   _IRQ_reset
000037a0   __nop
000037c0   _MCBSP_rrdy
000037e0   _MCBSP_getXmtEventId
00003800   __trunc
00003820   _MCBSP_xrdy
00003840   _IRQ_nmiEnable
00003860   C$$EXIT
00003860   _abort
00003880   _MCBSP_write
000038a0   __IRQ_hookFetchPacket
000038c0   _IRQ_globalEnable
000038e0   _IRQ_enable
00003920   _MCBSP_read
00003940   _IRQ_globalDisable
00003960   etext
00003960   __stack
00003960   ___etext__
00004960   ___cinit__
00004960   cinit
00005008   _secondBuff
00009008   _frames
00389038   __IRQ_eventTable
003890c0   __IRQ_intTable
00389100   __IRQ_dispatchTable
00389190   __cleanup_ptr
00389194   __dtors_ptr
00389198   _AIC_data
003891a4   _AIC23CfgData
003891dc   _config
003891f0   _hAIC23_handle
003891f2   _DSK6416_version
00389240   __MCBSP_hDev0
00389244   __MCBSP_hDev1
00389248   __MCBSP_hDev2
003892c4   _DSK6416_AIC23_codeccontrolhandle
003892c8   _DSK6416_AIC23_codecdatahandle
003892cc   __lock
003892d0   __unlock
ffffffff   pinit
ffffffff   ___binit__
ffffffff   ___pinit__
ffffffff   binit
ffffffff   ___c_args__

[128 symbols]
