******************************************************************************
          TMS320C6x COFF Linker PC v5.1.0                      
******************************************************************************
>> Linked Wed May 01 11:53:28 2013

OUTPUT FILE NAME:   <./Debug/bradpitch.out>
ENTRY POINT SYMBOL: "_c_int00"  address: 00096d40


MEMORY CONFIGURATION

                  name            origin    length      used    attr    fill
         ----------------------  --------  ---------  --------  ----  --------
         ISRAM                   00000000   00100000  0009783e  RWIX
         FLASH                   64000000   00080000  00000000  RWIX
         SDRAM                   80000000   01000000  00000000  RWIX


SECTION ALLOCATION MAP

 output                                  attributes/
section   page    origin      length       input sections
--------  ----  ----------  ----------   ----------------
.prd       0    00000000    00000000     UNINITIALIZED

.sysdata   0    00000000    00000000     UNINITIALIZED

.sysregs   0    00000000    00000000     UNINITIALIZED

.data      0    00000000    00000000     UNINITIALIZED

.switch    0    00000000    00000000     UNINITIALIZED

frt        0    00000000    00000000     UNINITIALIZED

.dsm       0    00000000    00000000     UNINITIALIZED

.hwi       0    00000000    00000000     UNINITIALIZED

.gio       0    00000000    00000000     UNINITIALIZED

.hwi_vec   0    00000000    00000200     
                  00000000    00000200     bradpitch6416cfg.obj (.hwi_vec)

.far       0    00000200    00078098     UNINITIALIZED
                  00000200    00065e7a     main.obj (.far)
                  0006607a    00000004     dsk6416bsl.lib : dsk6416.obj (.far)
                  00066080    00009608     brad_moddelay.obj (.far)
                  0006f688    00008018     wt.obj (.far)
                  000776a0    00000374     rts6400.lib : defs.obj (.far)
                  00077a18    00000190                 : fcvt.obj (.far)
                  00077ba8    00000190                 : _printfi.obj (.far)
                  00077d38    0000011c                 : lowlev.obj (.far)
                  00077e58    00000100     csl6416.lib : csl_irq.obj (.far)
                  00077f58    000000d0     rts6400.lib : trgdrv.obj (.far)
                  00078028    00000090                 : exit.obj (.far)
                  000780b8    00000064                 : ecvt.obj (.far)
                  0007811c    0000005a     c6416dskinit.obj (.far)
                  00078178    00000054     csl6416.lib : csl_mcbsp.obj (.far)
                  000781d0    00000030                 : csl_timer.obj (.far)
                  00078200    00000028                 : csl.obj (.far)
                  00078228    00000020     dsk6416bsl.lib : dsk6416_aic23_setfreq.obj (.far)
                  00078248    00000020     brad_dynamics.obj (.far)
                  00078268    00000014     dsk6416bsl.lib : dsk6416_aic23_registers.obj (.far)
                  0007827c    0000000c     biosi.a64 : utl_putc_inst.o (.far)
                  00078288    00000008     rts6400.lib : _lock.obj (.far)
                  00078290    00000008     dsk6416bsl.lib : dsk6416_aic23_opencodec.obj (.far)

.clk       0    00078298    00000008     UNINITIALIZED
                  00078298    00000008     bradpitch6416cfg.obj (.clk)

.text      0    000782a0    0000f900     
                  000782a0    00001520     main.obj (.text)
                  000797c0    000010a0     qmath.obj (.text)
                  0007a860    00000d60     brad_shelving.obj (.text)
                  0007b5c0    00000be0     wt.obj (.text)
                  0007c1a0    00000940     brad_moddelay.obj (.text)
                  0007cae0    00000840     brad_pitch_instrumental.obj (.text)
                  0007d320    000007c0     brad_dynamics.obj (.text)
                  0007dae0    00000740     brad_3bandeq.obj (.text)
                  0007e220    00000700     c6416dskinit.obj (.text)
                  0007e920    000005c0     brad_delay.obj (.text)
                  0007eee0    00000520     rts6400.lib : _printfi.obj (.text:__setfield)
                  0007f400    00000440                 : fcvt.obj (.text:_fcvt)
                  0007f840    00000420                 : ecvt.obj (.text:_ecvt)
                  0007fc60    00000400                 : _printfi.obj (.text:__printfi)
                  00080060    000003e0                 : _printfi.obj (.text:__getarg_diouxp)
                  00080440    000003e0                 : _printfi.obj (.text:__fcpy)
                  00080820    000003c0     dsk6416bsl.lib : dsk6416.obj (.text)
                  00080be0    000003a0     rts6400.lib : _printfi.obj (.text:__pconv_e)
                  00080f80    000003a0     biquad.obj (.text)
                  00081320    00000360     rts6400.lib : _printfi.obj (.text:__pproc_fwp)
                  00081680    00000340                 : fputs.obj (.text:_fputs)
                  000819c0    00000300     brad_envelopedetector.obj (.text)
                  00081cc0    00000300     rts6400.lib : frcdivd.obj (.text:__frcdivd)
                  00081fc0    000002e0                 : _printfi.obj (.text:__pproc_str)
                  000822a0    000002a0                 : _printfi.obj (.text:__pconv_g)
                  00082540    000002a0                 : imath64.obj (.text:__divull)
                  000827e0    00000260                 : _printfi.obj (.text:__pproc_diouxp)
                  00082a40    00000240                 : frcaddd.obj (.text:__frcaddd)
                  00082c80    00000220     dsk6416bsl.lib : dsk6416_aic23_registers.obj (.text)
                  00082ea0    00000220                    : dsk6416_aic23_opencodec.obj (.text)
                  000830c0    00000220     rts6400.lib : trgdrv.obj (.text:_HOSTrename)
                  000832e0    000001e0     csl6416.lib : csl.obj (.text:__CSL_init)
                  000834c0    000001e0     rts6400.lib : setvbuf.obj (.text:_setvbuf)
                  000836a0    000001e0     csl6416.lib : csl_irq.obj (.text:_IRQ_map)
                  00083880    000001e0                 : csl_mcbsp.obj (.text:_MCBSP_reset)
                  00083a60    000001c0     rts6400.lib : imath40.obj (.text:__divul)
                  00083c20    000001c0                 : mpyd.obj (.text:__mpyd)
                  00083de0    000001c0                 : divd.obj (.text:__divd)
                  00083fa0    000001c0                 : _printfi.obj (.text:__mcpy)
                  00084160    000001a0                 : imath64.obj (.text:__divlli)
                  00084300    000001a0                 : _printfi.obj (.text:__pproc_fge)
                  000844a0    000001a0     csl6416.lib : csl_irq.obj (.text:_mux2Tables)
                  00084640    00000180     rts6400.lib : _printfi.obj (.text:__ltostr)
                  000847c0    00000160                 : addd.obj (.text:__addd)
                  00084920    00000140                 : fputc.obj (.text:_fputc)
                  00084a60    00000140                 : lowlev.obj (.text:_getdevice)
                  00084ba0    00000140                 : trgdrv.obj (.text:_HOSTopen)
                  00084ce0    00000140                 : atoi.obj (.text:_atoi)
                  00084e20    00000140                 : _printfi.obj (.text:__pproc_fflags)
                  00084f60    00000140                 : fclose.obj (.text:_fclose)
                  000850a0    00000120     csl6416.lib : csl_timer.obj (.text:_TIMER_open)
                  000851c0    00000120     rts6400.lib : trgdrv.obj (.text:_HOSTlseek)
                  000852e0    00000120     csl6416.lib : csl_timer.obj (.text:_TIMER_reset)
                  00085400    00000120     rts6400.lib : _printfi.obj (.text:__pconv_f)
                  00085520    00000120                 : frcmpyd.obj (.text:__frcmpyd)
                  00085640    00000100                 : _printfi.obj (.text:__div)
                  00085740    00000100                 : fseek.obj (.text:_fseek)
                  00085840    00000100                 : trgdrv.obj (.text:_HOSTwrite)
                  00085940    00000100                 : lowlev.obj (.text:_write)
                  00085a40    00000100                 : _io_perm.obj (.text:__wrt_ok)
                  00085b40    00000100                 : ltoa.obj (.text:_ltoa)
                  00085c40    00000100                 : lowlev.obj (.text:_close)
                  00085d40    00000100                 : memset.obj (.text:_memset)
                  00085e40    00000100                 : lowlev.obj (.text:_lseek)
                  00085f40    00000100                 : trgdrv.obj (.text:_HOSTread)
                  00086040    00000100                 : trgdrv.obj (.text:_HOSTunlink)
                  00086140    00000100     dsk6416bsl.lib : dsk6416_aic23_setfreq.obj (.text)
                  00086240    000000e0     rts6400.lib : fopen.obj (.text:__cleanup)
                  00086320    000000e0                 : _printfi.obj (.text:__ecpy)
                  00086400    000000e0     csl6416.lib : csl_mcbsp.obj (.text:_MCBSP_start)
                  000864e0    000000e0                 : csl_mcbsp.obj (.text:_MCBSP_open)
                  000865c0    000000c0     rts6400.lib : strasg.obj (.text:__strasg)
                  00086680    000000c0                 : trgmsg.obj (.text:_readmsg)
                  00086740    000000c0     csl6416.lib : csl_mcbsp.obj (.text:_MCBSP_config)
                  00086800    000000c0     rts6400.lib : exit.obj (.text:_atexit)
                  000868c0    000000c0                 : fflush.obj (.text:__doflush)
                  00086980    000000c0                 : trgdrv.obj (.text:_HOSTclose)
                  00086a40    000000c0                 : divu.obj (.text:__divu)
                  00086b00    000000c0     csl6416.lib : csl_irq.obj (.text:_setMux)
                  00086bc0    000000c0     rts6400.lib : lowlev.obj (.text:_finddevice)
                  00086c80    000000c0                 : imath40.obj (.text:__divli)
                  00086d40    000000a0                 : cmpd.obj (.text:__cmpd)
                  00086de0    000000a0                 : printf.obj (.text:_printf)
                  00086e80    000000a0                 : trgmsg.obj (.text:_writemsg)
                  00086f20    000000a0     csl6416.lib : csl_emifa.obj (.text:_EMIFA_config)
                  00086fc0    000000a0     rts6400.lib : mpyll.obj (.text:__mpyll)
                  00087060    000000a0                 : fltlid.obj (.text:__fltlid)
                  00087100    000000a0                 : renormd.obj (.text:_renormd)
                  000871a0    000000a0                 : fixdli.obj (.text:__fixdli)
                  00087240    000000a0     csl6416.lib : csl_emifb.obj (.text:_EMIFB_config)
                  000872e0    000000a0     rts6400.lib : fixdi.obj (.text:__fixdi)
                  00087380    000000a0                 : imath40.obj (.text:__remli)
                  00087420    00000080                 : memccpy.obj (.text:_memccpy)
                  000874a0    00000080                 : memcpy64.obj (.text:_memcpy)
                  00087520    00000080     csl6416.lib : csl_irq.obj (.text:__IRQ_init)
                  000875a0    00000080     rts6400.lib : lowlev.obj (.text:_unlink)
                  00087620    00000080                 : llshift.obj (.text:__llshl)
                  000876a0    00000060                 : llshift.obj (.text:__llshru)
                  00087700    00000060                 : fltid.obj (.text:__fltid)
                  00087760    00000060                 : imath64.obj (.text:__subcull)
                  000877c0    00000060     csl6416.lib : csl_timer.obj (.text:_TIMER_configArgs)
                  00087820    00000040     rts6400.lib : abs.obj (.text:_llabs)
                  00087860    00000040     csl6416.lib : csl_irq.obj (.text:_IRQ_reset)
                  000878a0    00000040                 : csl_timer.obj (.text:_TIMER_start)
                  000878e0    00000040     rts6400.lib : subd.obj (.text:__subd)
                  00087920    00000040                 : negd.obj (.text:__negd)
                  00087960    00000020     csl6416.lib : csl_irq.obj (.text:_IRQ_globalEnable)
                  00087980    00000020                 : csl_irq.obj (.text)
                  000879a0    00000020                 : csl_mcbsp.obj (.text:_MCBSP_rrdy)
                  000879c0    00000020                 : csl_mcbsp.obj (.text:_MCBSP_write)
                  000879e0    00000020     bradpitch6416cfg_c.obj (.text:CSL_cfgInit)
                  00087a00    00000020     csl6416.lib : csl_mcbsp.obj (.text:_MCBSP_read)
                  00087a20    00000020                 : csl_mcbsp.obj (.text:_MCBSP_getXmtEventId)
                  00087a40    00000020                 : csl_irq.obj (.text:_IRQ_nmiEnable)
                  00087a60    00000020                 : csl_irq.obj (.text:_IRQ_globalDisable)
                  00087a80    00000020     rts6400.lib : _lock.obj (.text:__register_lock)
                  00087aa0    00000020                 : printf.obj (.text:__outs)
                  00087ac0    00000020                 : negll.obj (.text:__negll)
                  00087ae0    00000020                 : _lock.obj (.text:__nop)
                  00087b00    00000020                 : remove.obj (.text:_remove)
                  00087b20    00000020     csl6416.lib : csl_mcbsp.obj (.text:_MCBSP_xrdy)
                  00087b40    00000020                 : csl_irq.obj (.text:_IRQ_enable)
                  00087b60    00000020     rts6400.lib : _lock.obj (.text:__register_unlock)
                  00087b80    00000020                 : printf.obj (.text:__outc)

.ISRAM$heap 
*          0    00087ba0    00008000     UNINITIALIZED

.bios      0    0008fba0    000040c0     
                  0008fba0    000006e0     biosi.a64 : swi.o64 (.bios)
                  00090280    00000540     lnkrtdx.a64 : rtdx.o64 (.bios)
                  000907c0    00000440     biosi.a64 : hwi_disp_asm64 (.bios)
                  00090c00    00000340               : malloc_inst.o64 (.bios)
                  00090f40    00000320               : prd.o64 (.bios)
                  00091260    00000280               : rta.o64 (.bios)
                  000914e0    00000260               : sem_pend_inst.o (.bios)
                  00091740    00000240               : knl_run_inst.o6 (.bios)
                  00091980    00000240               : clk.o64 (.bios)
                  00091bc0    00000220               : pip.o64 (.bios)
                  00091de0    00000220               : knl_tick_inst.o (.bios)
                  00092000    00000200               : mem_allo_inst.o (.bios:.near)
                  00092200    00000200               : mem_free_inst.o (.bios:.near)
                  00092400    000001c0               : tsk_setu_inst.o (.bios)
                  000925c0    000001c0               : sem_dopo_inst.o (.bios)
                  00092780    000001a0               : tsk_exit_inst.o (.bios)
                  00092920    00000180               : knl_swit_inst.o (.bios)
                  00092aa0    00000160               : autoinit.o64 (.bios)
                  00092c00    00000100               : tsk_stup_inst.o (.bios)
                  00092d00    00000100               : knl_chec_inst.o (.bios)
                  00092e00    00000100               : idl_cal.o64 (.bios)
                  00092f00    000000e0               : sem_post_asm_in (.bios)
                  00092fe0    000000e0               : knl_exit_inst.o (.bios)
                  000930c0    000000c0               : mem_init_inst.o (.bios:.near)
                  00093180    000000c0               : sem_post_inst.o (.bios)
                  00093240    000000c0               : lck_inst.o64 (.bios)
                  00093300    000000a0               : atm_inst.o64 (.bios)
                  000933a0    000000a0               : sys_exit_inst.o (.bios)
                  00093440    000000a0               : knl_ipos_inst.o (.bios)
                  000934e0    000000a0               : knl_post_inst.o (.bios)
                  00093580    00000080               : idl_busy.o64 (.bios)
                  00093600    00000080               : fxn.o64 (.bios)
                  00093680    00000080               : log.o64 (.bios)
                  00093700    00000080               : gbl_cslinit62.o (.bios)
                  00093780    00000080               : clk_start6x.o64 (.bios)
                  00093800    00000060               : que_get_inst.o6 (.bios)
                  00093860    00000060               : tsk_init_inst.o (.bios)
                  000938c0    00000060               : sys_erro_inst.o (.bios:.near)
                  00093920    00000060               : sts.o64 (.bios)
                  00093980    00000060               : trc_c.o64 (.bios)
                  000939e0    00000060               : utl_putc_inst.o (.bios)
                  00093a40    00000060               : sem_pend_asm_in (.bios)
                  00093aa0    00000040               : idl_stub_inst.o (.bios)
                  00093ae0    00000040               : swi_post.o64 (.bios)
                  00093b20    00000040               : utl_doab_inst.o (.bios)
                  00093b60    00000040               : rta_andn.o64 (.bios)
                  00093ba0    00000020               : idl.o64 (.bios)
                  00093bc0    00000020               : utl_doer_inst.o (.bios)
                  00093be0    00000020               : utl_halt_inst.o (.bios)
                  00093c00    00000020               : fxn_c.o64 (.bios)
                  00093c20    00000020               : sts_set.o64 (.bios)
                  00093c40    00000020               : gbl_vers.o64 (.bios)

.cinit     0    00093c60    000011d4     
                  00093c60    000005e4     bradpitch6416cfg.obj (.cinit)
                  00094244    00000004     --HOLE-- [fill = 0]
                  00094248    000002dc     biosi.a64 : biosdata.o64 (.cinit)
                  00094524    00000004     --HOLE-- [fill = 0]
                  00094528    00000244     rts6400.lib : defs.obj (.cinit)
                  0009476c    00000004     --HOLE-- [fill = 0]
                  00094770    0000012c     csl6416.lib : csl_irq.obj (.cinit)
                  0009489c    00000004     --HOLE-- [fill = 0]
                  000948a0    000000a8     biosi.a64 : knl_inst.o64 (.cinit)
                  00094948    0000007c     csl6416.lib : csl_mcbsp.obj (.cinit)
                  000949c4    00000004     --HOLE-- [fill = 0]
                  000949c8    0000005c     rts6400.lib : lowlev.obj (.cinit)
                  00094a24    00000004     --HOLE-- [fill = 0]
                  00094a28    0000005c     c6416dskinit.obj (.cinit)
                  00094a84    00000004     --HOLE-- [fill = 0]
                  00094a88    0000005c     lnkrtdx.a64 : rtdx.o64 (.cinit)
                  00094ae4    00000004     --HOLE-- [fill = 0]
                  00094ae8    0000005c     csl6416.lib : csl_timer.obj (.cinit)
                  00094b44    00000004     --HOLE-- [fill = 0]
                  00094b48    0000004c     biosi.a64 : tsk_inst.o64 (.cinit)
                  00094b94    00000004     --HOLE-- [fill = 0]
                  00094b98    0000004c               : rta.o64 (.cinit)
                  00094be4    00000004     --HOLE-- [fill = 0]
                  00094be8    00000048               : knl_inst.o64 (.cinit:c)
                  00094c30    0000003c     csl6416.lib : csl.obj (.cinit)
                  00094c6c    00000004     --HOLE-- [fill = 0]
                  00094c70    0000002c     biosi.a64 : tsk_stup_inst.o (.cinit)
                  00094c9c    00000004     --HOLE-- [fill = 0]
                  00094ca0    0000002c               : utl_putc_inst.o (.cinit)
                  00094ccc    00000004     --HOLE-- [fill = 0]
                  00094cd0    0000002c     rts6400.lib : exit.obj (.cinit)
                  00094cfc    00000004     --HOLE-- [fill = 0]
                  00094d00    00000028     dsk6416bsl.lib : dsk6416_aic23_setfreq.obj (.cinit)
                  00094d28    0000001c     biosi.a64 : hwi.o64 (.cinit)
                  00094d44    00000004     --HOLE-- [fill = 0]
                  00094d48    0000001c     rts6400.lib : _lock.obj (.cinit)
                  00094d64    00000004     --HOLE-- [fill = 0]
                  00094d68    0000001c     dsk6416bsl.lib : dsk6416_aic23_registers.obj (.cinit)
                  00094d84    00000004     --HOLE-- [fill = 0]
                  00094d88    0000001a     main.obj (.cinit)
                  00094da2    00000006     --HOLE-- [fill = 0]
                  00094da8    00000018     biosi.a64 : knl_tick_inst.o (.cinit)
                  00094dc0    00000010               : gbl.o64 (.cinit:c)
                  00094dd0    00000010               : clk_start6x.o64 (.cinit)
                  00094de0    00000010               : tsk_inst.o64 (.cinit:c)
                  00094df0    00000010               : sys_inst.o64 (.cinit:c)
                  00094e00    0000000c               : idl_busy.o64 (.cinit)
                  00094e0c    00000004     --HOLE-- [fill = 0]
                  00094e10    0000000c     rtdx64xx.lib : buffer1.o64 (.cinit)
                  00094e1c    00000004     --HOLE-- [fill = 0]
                  00094e20    0000000c     biosi.a64 : knl_swit_inst.o (.cinit)
                  00094e2c    00000008     --HOLE-- [fill = 0]

.trcdata   0    00094e34    0000000c     
                  00094e34    0000000c     bradpitch6416cfg.obj (.trcdata)

.rtdx_text 
*          0    00094e40    00000b60     
                  00094e40    00000600     rtdx64xx.lib : rtdx_mon.o64 (.rtdx_text)
                  00095440    00000540                  : buffer1.o64 (.rtdx_text)
                  00095980    00000020                  : intr_tgt.o64 (.rtdx_text)

.bss       0    000959a0    000004b8     UNINITIALIZED
                  000959a0    00000134     biosi.a64 : biosdata.o64 (.bss)
                  00095ad4    00000100               : hwi_disp_asm64 (.bss)
                  00095bd4    00000004               : idl_busy.o64 (.bss)
                  00095bd8    000000e0               : knl_inst.o64 (.bss)
                  00095cb8    0000008c     bradpitch6416cfg.obj (.bss)
                  00095d44    00000040     biosi.a64 : knl_inst.o64 (.bss:c)
                  00095d84    00000038               : tsk_inst.o64 (.bss)
                  00095dbc    00000024               : tsk_stup_inst.o (.bss)
                  00095de0    00000020               : sys_inst.o64 (.bss)
                  00095e00    00000018     lnkrtdx.a64 : rtdx.o64 (.bss)
                  00095e18    00000010     biosi.a64 : knl_tick_inst.o (.bss)
                  00095e28    00000008               : hwi.o64 (.bss)
                  00095e30    00000008               : gbl.o64 (.bss:c)
                  00095e38    00000008               : sys_inst.o64 (.bss:c)
                  00095e40    00000008               : tsk_inst.o64 (.bss:c)
                  00095e48    00000008               : clk_start6x.o64 (.bss)
                  00095e50    00000004               : mem_asm.o64 (.bss)
                  00095e54    00000004               : gbl_cslinit62.o (.bss)

.rtdx_data 
*          0    00095e58    00000450     UNINITIALIZED
                  00095e58    00000410     bradpitch6416cfg.obj (.rtdx_data)
                  00096268    00000020     rtdx64xx.lib : buffer1.o64 (.rtdx_data)
                  00096288    00000020                  : rtdx_mon.o64 (.rtdx_data)

.stack     0    000962a8    00000400     
                  000962a8    00000400     --HOLE-- [fill = 00c0ffee]

.TSK_idle$stk 
*          0    000966a8    00000400     UNINITIALIZED
                  000966a8    00000400     bradpitch6416cfg.obj (.TSK_idle$stk)

.log       0    00096aa8    00000018     
                  00096aa8    00000018     bradpitch6416cfg.obj (.log)

.sysinit   0    00096ac0    00000340     
                  00096ac0    00000280     bradpitch6416cfg.obj (.sysinit)
                  00096d40    000000c0     biosi.a64 : boot.o64 (.sysinit)

.const     0    00096e00    000002b6     
                  00096e00    00000101     rts6400.lib : ctype.obj (.const)
                  00096f01    00000002                 : fputs.obj (.const)
                  00096f03    00000001     biosi.a64 : tsk_inst.o64 (.const)
                  00096f04    000000c0     dsk6416bsl.lib : dsk6416.obj (.const)
                  00096fc4    00000070                    : dsk6416_aic23_opencodec.obj (.const)
                  00097034    0000002a     rts6400.lib : _printfi.obj (.const)
                  0009705e    00000023     biosi.a64 : utl_doab_inst.o (.const)
                  00097081    00000022               : utl_doer_inst.o (.const)
                  000970a3    0000000b     wt.obj (.const)
                  000970ae    00000004     biosi.a64 : mem_allo_inst.o (.const)
                  000970b2    00000004               : mem_free_inst.o (.const)

.trace     0    000970b6    00000200     
                  000970b6    00000200     --HOLE-- [fill = 00000000]

.sts       0    000972b8    00000040     
                  000972b8    00000040     bradpitch6416cfg.obj (.sts)

.mem       0    000972f8    00000004     UNINITIALIZED
                  000972f8    00000004     bradpitch6416cfg.obj (.mem)

.args      0    000972fc    00000004     
                  000972fc    00000004     --HOLE-- [fill = 00000000]

.LOG_system$buf 
*          0    00097300    00000100     
                  00097300    00000100     bradpitch6416cfg.obj (.LOG_system$buf) [fill = ffffffff]

.cio       0    00097400    00000120     UNINITIALIZED
                  00097400    00000120     rts6400.lib : trgmsg.obj (.cio)

.hst0      0    00097520    00000100     UNINITIALIZED
                  00097520    00000100     bradpitch6416cfg.obj (.hst0)

.pip       0    00097620    000000c8     UNINITIALIZED
                  00097620    000000c8     bradpitch6416cfg.obj (.pip)

.tsk       0    000976e8    00000060     UNINITIALIZED
                  000976e8    00000060     bradpitch6416cfg.obj (.tsk)

.swi       0    00097748    00000058     UNINITIALIZED
                  00097748    00000058     bradpitch6416cfg.obj (.swi)

.hst       0    000977a0    0000002c     UNINITIALIZED
                  000977a0    0000002c     bradpitch6416cfg.obj (.hst)

.gblinit   0    000977cc    00000028     
                  000977cc    00000028     bradpitch6416cfg.obj (.gblinit)

.idl       0    000977f4    00000020     UNINITIALIZED
                  000977f4    00000010     bradpitch6416cfg.obj (.idl)
                  00097804    00000010     bradpitch6416cfg.obj (.idlcal)

.hst1      0    00097814    00000010     UNINITIALIZED
                  00097814    00000010     bradpitch6416cfg.obj (.hst1)

.sys       0    00097824    00000010     UNINITIALIZED
                  00097824    00000010     bradpitch6416cfg.obj (.sys)

.pinit     0    00097834    0000000c     
                  00097834    00000004     rtdx64xx.lib : buffer1.o64 (.pinit)
                  00097838    00000004                  : rtdx_mon.o64 (.pinit)
                  0009783c    00000004     --HOLE-- [fill = 0]


GLOBAL SYMBOLS: SORTED ALPHABETICALLY BY Name 

address    name
--------   ----
000959a0   $bss
000959a0   .bss
00000000   .data
000782a0   .text
00096c3c   BIOS$$CLKOFF
00096c0c   BIOS$$CLKON
00096ac0   BIOS_init
00096c9c   BIOS_start
00000000   BUF$
00000001   BUF_ENABLED
00086f18   C$$IO$$
00000001   CLK$
00078298   CLK_A_TABBEG
000782a0   CLK_A_TABEND
00000008   CLK_A_TABLEN
00015f90   CLK_COUNTSPMS
00000001   CLK_COUNTSPMSHIGH
000959c8   CLK_D_idletime
000959c4   CLK_D_isrhook
000959c0   CLK_D_tabbeg
000959bc   CLK_D_timefxn
00091980   CLK_F_getfhtime
000919a0   CLK_F_gethtime
00091a14   CLK_F_getltime
000919a0   CLK_F_getshtime
00091a20   CLK_F_isr
00091b70   CLK_F_itime
000907c0   CLK_HOOKFXN
00004000   CLK_INTBIT
00015f90   CLK_PRD
00000001   CLK_PRDHIGH
01940000   CLK_REGS
000959b8   CLK_R_time
00000020   CLK_TCR
00000000   CLK_TDDR
00000000   CLK_TDDRHIGH
000919a0   CLK_TIMEFXN
00000000   CLK_TIMERNUM
00000001   CLK_USETIMER
0007829c   CLK_null
00000000   DEV$
00000000   DGN$
00000000   DHL$
00000000   DHL_gChannelsAvailable
00000000   DIO$
00000000   DIO_NUMSWIBASE
00000000   DIO_NUMTSKBASE
00000000   DIO_STATIC
00000000   DPI$
ffffffff   FLASH
00093600   FXN_F_nop
00093608   FXN_F_run
00093658   FXN_F_zero
00000001   GBL$
00000490   GBL_A_VERSION
00000000   GBL_BIGENDIAN
00000000   GBL_C641XL2PRIORITY
00000000   GBL_CACHE
00000001   GBL_CALLCSLCFGINIT
00000001   GBL_ENABLEINST
00000042   GBL_FOOTPRINT
00093c40   GBL_F_version
00002226   GBL_L2ALLOC
00000000   GBL_L2CONFIGALLOC
00000000   GBL_L2CONFIGURE
00000000   GBL_L2MARMASK
00000000   GBL_L2MARMASK1
00000000   GBL_L2MARMASK2
00000000   GBL_L2MARMASK3
00000000   GBL_L2MARMASK4
00000000   GBL_L2MARMASK5
00000000   GBL_L2MODE
00000000   GBL_L2PRIORITY
00000000   GBL_NULL
00000000   GBL_ROM
00000001   GBL_SUPPORTCSL
0000dbef   GBL_TRCMASKVALUE
00000000   GBL_USERINIT
00093c00   GBL_USERINITFXN
00000001   GBL_boot
00094e3c   GBL_initdone
000962a8   GBL_stackbeg
000966a7   GBL_stackend
00000000   GIO$
00093c00   GIO_CREATEFXN
00093c00   GIO_DELETEFXN
00093c00   GIO_PENDFXN
00093c00   GIO_POSTFXN
00000000   HOOK$
00000000   HOOK_KNLID
00000001   HST$
000977a0   HST_A_TABBEG
000977cc   HST_A_TABEND
00000002   HST_A_TABLEN
00000000   HST_DSM
00095cc8   HST_DSMBUFSEG
00000400   HST_DSMMEMSIZE
00095ab8   HST_D_chanmask
00000100   HST_MAXFRAMEALLOWED
00000040   HST_MAXFRAMESET
00000000   HST_NONE
00000001   HST_RTDX
00000001   HWI$
00000000   HWI_A_VECS
00095e28   HWI_D_ccmask
000907c0   HWI_F_dispatch
00000000   HWI_GENERATE_RESET_VEC
0000000a   HWI_INT10
0000000b   HWI_INT11
0000000c   HWI_INT12
0000000d   HWI_INT13
0000000e   HWI_INT14
0000000f   HWI_INT15
00000004   HWI_INT4
00000005   HWI_INT5
00000006   HWI_INT6
00000007   HWI_INT7
00000008   HWI_INT8
00000009   HWI_INT9
082039a3   HWI_INTRMULTHIGH
250718a4   HWI_INTRMULTLOW
00000001   HWI_NMI
00000000   HWI_POLARITYMASK
00000002   HWI_RESERVED0
00000003   HWI_RESERVED1
00000000   HWI_RESET
00000001   HWI_ZEROTAB
00000001   IDL$
00097804   IDL_A_CALBEG
00097814   IDL_A_CALEND
00000002   IDL_A_CALLEN
000977f4   IDL_A_TABBEG
00097804   IDL_A_TABEND
00000002   IDL_A_TABLEN
00093aa0   IDL_CALIBRFXN
00095bd4   IDL_D_busyObj
000959a8   IDL_D_calbeg
000959a4   IDL_D_calibrate
000959a0   IDL_D_tabbeg
00097800   IDL_END
00097810   IDL_END$
00093580   IDL_F_busy
00092e00   IDL_F_calibrate
00093ba0   IDL_F_loop
00093aa0   IDL_F_stub
00000001   IDL_USECLKIDLTIME
000972ec   IDL_busyObj
000972e8   IDL_busyObj$stsobj
000977fc   IDL_cpuLoad
0009780c   IDL_cpuLoad$
00095cc8   ISRAM
00087ba0   ISRAM$B
00008000   ISRAM$L
00000001   ISRC$
00092a70   KNL_glue
00097748   KNL_swi
000972bc   KNL_swi$sts
000972b8   KNL_swi$sts$stsobj
00000001   LCK$
00090280   LNK_F_checkBufferCall
000902f4   LNK_F_dataPump
000902a0   LNK_F_getChanPtr
000902ec   LNK_F_init
00090794   LNK_F_readCallBack
000977f4   LNK_dataPump
00097804   LNK_dataPump$
00095e04   LNK_dspFrameReadyMask
00095e00   LNK_dspFrameRequestMask
00090544   LNK_newin
00090654   LNK_newout
00090300   LNK_rcloop
000903b0   LNK_rdrtry
00095e0c   LNK_readDone
00095e10   LNK_readFail
00095e08   LNK_readPend
000903b8   LNK_rrloop
00095e14   LNK_writeFail
00090474   LNK_wrloop
0009046c   LNK_wrrtry
00000001   LOG$
00096aa8   LOG_A_TABBEG
00096ac0   LOG_A_TABEND
00000001   LOG_A_TABLEN
000959ac   LOG_D_system
00000001   LOG_ENABLED
00093680   LOG_F_event
00096aa8   LOG_system
00097300   LOG_system$buf
00000040   LOG_system$size
00000000   MBX$
00000001   MEM$
00095cc8   MEM_MALLOCSEG
00000000   MEM_NULL
00095cc8   MEM_SEGZERO
00000001   MEM_gNumHeap
00000000   OBJ$
00000000   PIP$
00097620   PIP_A_TABBEG
000976e8   PIP_A_TABEND
00000002   PIP_A_TABLEN
000959b0   PIP_D_tabbeg
000959b4   PIP_D_tablen
00091c54   PIP_F_give
00091c54   PIP_F_probe
00091d28   PIP_F_start
00091bc0   PIP_F_take
00000000   PIP_gNextId
00000002   PIP_gNumEmbed
00000001   PRD$
00000000   PRD_A_TABBEG
00000000   PRD_A_TABEND
00000000   PRD_A_TABLEN
00095a74   PRD_D_cur
00095a78   PRD_D_elapsed
00095a7c   PRD_D_prevtim
00095a80   PRD_D_scalar
00095a84   PRD_D_swihandle
00095a88   PRD_D_tabbeg
00095a8c   PRD_D_tablen
00095a90   PRD_D_thook
00095a70   PRD_D_tick
00090f40   PRD_F_swi
0009119c   PRD_F_tick
00004000   PRD_SCALAR
00000000   PRD_SWIHANDLE
00091fe0   PRD_THOOKFXN
00078298   PRD_clock
00000001   QUE$
00095a94   RTA_D_fromHost
00095a9c   RTA_D_logval
00095aac   RTA_D_stsval
00095a98   RTA_D_toHost
00093b60   RTA_F_andn
00091358   RTA_F_dispatch
00091260   RTA_F_getlog
000912a4   RTA_F_getsts
00093b80   RTA_F_or
000912ec   RTA_F_readblk
00091318   RTA_F_resetmem
0009130c   RTA_F_writeword
000977f8   RTA_dispatcher
00097808   RTA_dispatcher$
00091398   RTA_execute
000977a4   RTA_fromHost
00097814   RTA_fromHost$buf
00097620   RTA_fromHost$pipe
00097650   RTA_fromHost$pipe$aaa
00097680   RTA_fromHost$pipe$bbb
00095ccc   RTA_fromHost$pipe$dtab
00097624   RTA_fromHost$pipe$rd
00097654   RTA_fromHost$pipe$wr
000977ac   RTA_fromHost$rtdx
000977b8   RTA_toHost
00097520   RTA_toHost$buf
00097684   RTA_toHost$pipe
000976b4   RTA_toHost$pipe$aaa
000976e4   RTA_toHost$pipe$bbb
00095cd8   RTA_toHost$pipe$dtab
00097688   RTA_toHost$pipe$rd
000976b8   RTA_toHost$pipe$wr
000977c0   RTA_toHost$rtdx
00000001   RTDX$
00000408   RTDX_BUFMEMSIZE
00095cc8   RTDX_DATAMEMSEG
00000001   RTDX_NORMALIZED_HDR
00000001   RTDX_USERTDX
00000000   RTDX_USERTEXECUTION
ffffffff   SDRAM
00000000   SEM$
00000000   SIO$
00000001   STS$
000972b8   STS_A_TABBEG
000972f8   STS_A_TABEND
00000004   STS_A_TABLEN
00093930   STS_F_add
00093920   STS_F_delta
0009395c   STS_F_reset
00000001   SWI$
00097748   SWI_A_TABBEG
000977a0   SWI_A_TABEND
00000002   SWI_A_TABLEN
000959d8   SWI_D_curfxn
000959cc   SWI_D_curmask
000959dc   SWI_D_curmbox
000959d0   SWI_D_curset
000959f4   SWI_D_ehook
000959e4   SWI_D_execaddr
000959f0   SWI_D_ihook
000959e0   SWI_D_lock
000959d4   SWI_D_pending
000959ec   SWI_D_rdybeg
000959f8   SWI_D_rdytab
000959e8   SWI_D_runaddr
00000000   SWI_EHOOKFXN
0008fe38   SWI_EXECFXN
0008fba0   SWI_F_enable
0008fdc0   SWI_F_exec
0008fe38   SWI_F_iexec
0008fc28   SWI_F_post
00090000   SWI_F_run
00000000   SWI_IHOOKFXN
00090000   SWI_RUNFXN
00097774   SWI_process_isr
000972cc   SWI_process_isr$sts
000972c8   SWI_process_isr$sts$stsobj
00000001   SYS$
00097824   SYS$config
00093b20   SYS_ABORTFXN
00093bc0   SYS_ERRORFXN
00093be0   SYS_EXITFXN
000939e0   SYS_PUTCFXN
00094e38   TRC_R_mask
00094e34   TRC_cinit
00000001   TSK$
00000000   TSK_NUM_HOOKS
00000001   TSK_PRIORITY
00000000   TSK_READYFXN
00095cc8   TSK_STACKSEG
00000400   TSK_STACKSIZE
00000000   TSK_SWITCHFXN
00093c00   TSK_VCREATEFXN
00093c00   TSK_VDELETEFXN
00093c00   TSK_VEXITFXN
000976f4   TSK_idle
000966a8   TSK_idle$stack
00096a40   TSK_idle$stkptr
000972dc   TSK_idle$sts
000972d8   TSK_idle$sts$stsobj
00000000   UDEV$
00078128   _AIC23CfgData
0007811c   _AIC_data
00093300   _ATM_andi
00093300   _ATM_andu
00093320   _ATM_cleari
00093320   _ATM_clearu
00093338   _ATM_deci
00093338   _ATM_decu
00093354   _ATM_inci
00093354   _ATM_incu
00093370   _ATM_ori
00093370   _ATM_oru
0009338c   _ATM_seti
0009338c   _ATM_setu
00096ac0   _BIOS_init
00096c9c   _BIOS_start
00080fa8   _BiQuad_FlushDelays
00080f80   _BiQuad_create
00081000   _BiQuad_do
00015f90   _CLK_COUNTSPMS
00091b70   _CLK_F_itime
00015f90   _CLK_PRD
01940000   _CLK_REGS
00000000   _CLK_TDDR
00000000   _CLK_TIMERNUM
00000001   _CLK_USETIMER
00091b70   _CLK_itime
00093780   _CLK_start
00093780   _CLK_start6x
000879e0   _CSL_cfgInit
00078290   _DSK6416_AIC23_codeccontrolhandle
00078294   _DSK6416_AIC23_codecdatahandle
00082ddc   _DSK6416_AIC23_config
00082ea0   _DSK6416_AIC23_openCodec
00082d9c   _DSK6416_AIC23_rget
00082c80   _DSK6416_AIC23_rset
00086140   _DSK6416_AIC23_setFreq
00080b0c   _DSK6416_getVersion
00080820   _DSK6416_init
000809d0   _DSK6416_rget
00080a08   _DSK6416_rset
0006607a   _DSK6416_version
00080a50   _DSK6416_wait
00080ac0   _DSK6416_waitusec
00086f20   _EMIFA_config
00087240   _EMIFB_config
00081b50   _EnvDetector_detect
000819c0   _EnvDetector_setupDetector
ffffffff   _FLASH
00093c00   _FXN_F_nop
00093608   _FXN_F_run
00093658   _FXN_F_zero
00000000   _GBL_CACHE
00093700   _GBL_cslInit
00095e54   _GBL_cslTimerHandle
00095e30   _GBL_irqEventTable
00095e34   _GBL_irqIntTable
00086980   _HOSTclose
000851c0   _HOSTlseek
00084ba0   _HOSTopen
00085f40   _HOSTread
000830c0   _HOSTrename
00086040   _HOSTunlink
00085840   _HOSTwrite
000977a0   _HST_A_TABBEG
000977cc   _HST_A_TABEND
00000002   _HST_A_TABLEN
00095e2c   _HWI_D_spsave
000907c0   _HWI_F_dispatch
0000000a   _HWI_INT10
0000000b   _HWI_INT11
0000000c   _HWI_INT12
0000000d   _HWI_INT13
0000000e   _HWI_INT14
0000000f   _HWI_INT15
00000004   _HWI_INT4
00000005   _HWI_INT5
00000006   _HWI_INT6
00000007   _HWI_INT7
00000008   _HWI_INT8
00000009   _HWI_INT9
00000001   _HWI_NMI
00000002   _HWI_RESERVED0
00000003   _HWI_RESERVED1
00000000   _HWI_RESET
000966a0   _HWI_STKBOTTOM
000962a8   _HWI_STKTOP
00095ad4   _HWI_dispatchTab
000972ec   _IDL_busyObj
000977fc   _IDL_cpuLoad
00093ba0   _IDL_loop
00087b40   _IRQ_enable
00087a60   _IRQ_globalDisable
00087960   _IRQ_globalEnable
000836a0   _IRQ_map
00087a40   _IRQ_nmiEnable
00087860   _IRQ_reset
00095cc8   _ISRAM
00087ba0   _ISRAM_base
00008000   _ISRAM_length
00095d4c   _KNL_alarm
00092d00   _KNL_check
00095d6c   _KNL_curqueue
00095d60   _KNL_curtask
00095d68   _KNL_curtime
00095c78   _KNL_dummy
00092fe0   _KNL_enter
00093054   _KNL_exit
00092dac   _KNL_idle
00095cb4   _KNL_idlefxn
00095d54   _KNL_inactive
00093440   _KNL_ipost
00092dc8   _KNL_max
00095d70   _KNL_maxqueue
000934e0   _KNL_post
00095d64   _KNL_prevtask
00095d58   _KNL_priority
00095bd8   _KNL_queues
00091740   _KNL_run
00092920   _KNL_saveIsrFrame
00095d5c   _KNL_set
00095d50   _KNL_setpri
00097748   _KNL_swi
00095cb0   _KNL_swiptr
000929c8   _KNL_switch
00095d78   _KNL_tcreatefxn
00095d7c   _KNL_tdeletefxn
00091fe0   _KNL_tick
00095d80   _KNL_treadyfxn
00095d74   _KNL_tswitchfxn
00095d44   _KNL_wFlag
00095d48   _KNL_wList
00093288   _LCK_pend
00093240   _LCK_post
00066050   _LFO
000977f4   _LNK_dataPump
00096aa8   _LOG_A_TABBEG
00096ac0   _LOG_A_TABEND
00000001   _LOG_A_TABLEN
000959ac   _LOG_D_system
00093680   _LOG_event
00096aa8   _LOG_system
00086740   _MCBSP_config
00087a20   _MCBSP_getXmtEventId
000864e0   _MCBSP_open
00087a00   _MCBSP_read
00083880   _MCBSP_reset
000879a0   _MCBSP_rrdy
00086400   _MCBSP_start
000879c0   _MCBSP_write
00087b20   _MCBSP_xrdy
00095e50   _MEM
00095abc   _MEM_D_NUMSEGMENTS
00095ac4   _MEM_D_freelist
00095ac8   _MEM_D_lockaddr
00095ac0   _MEM_D_memtab
00095acc   _MEM_D_unlockaddr
00092000   _MEM_alloc
00092200   _MEM_free
000930c0   _MEM_init
00095cb8   _MEM_memtab
00095ce4   _OBJ_table
00097620   _PIP_A_TABBEG
000976e8   _PIP_A_TABEND
00000002   _PIP_A_TABLEN
00095a70   _PRD_D_tick
00078298   _PRD_clock
0007d268   _PShift_setPitchStep
0007d038   _PShift_setupPitchParams
00093800   _QUE_get
00093828   _QUE_put
000977f8   _RTA_dispatcher
000977a4   _RTA_fromHost
000977b8   _RTA_toHost
00095e58   _RTDX_Buffer
00096264   _RTDX_Buffer_End
00095440   _RTDX_Buffer_Initialize
00095934   _RTDX_Buffer_Read
00096260   _RTDX_Buffer_Start
00095740   _RTDX_Buffer_Write
00094f54   _RTDX_Final_RT_Monitor
00094f68   _RTDX_Init_RT_Monitor
00095418   _RTDX_IsFlowEnabled
00000002   _RTDX_JTAGONLY
00095980   _RTDX_Mask_IER
000952d0   _RTDX_Mon_Queue
00095008   _RTDX_Poll
00094e40   _RTDX_SetInterrupt
00095998   _RTDX_Set_IER
00000000   _RTDX_interrupt_mask
00096274   _RTDX_writing
ffffffff   _SDRAM
00093a40   _SEM_pend
000914e0   _SEM_pendEnterKnl
00092f00   _SEM_post
00093180   _SEM_postEnterKnl
000972b8   _STS_A_TABBEG
000972f8   _STS_A_TABEND
00000004   _STS_A_TABLEN
00093930   _STS_add
00093920   _STS_delta
0009395c   _STS_reset
00093c20   _STS_set
000959d8   _SWI_D_curfxn
000959cc   _SWI_D_curmask
000959e0   _SWI_D_lock
000959ec   _SWI_D_rdybeg
00093ae0   _SWI_post
00097774   _SWI_process_isr
00095ad0   _SYS
000970b6   _SYS_PUTCBEG
000972b5   _SYS_PUTCEND
000938c0   _SYS_error
000933a0   _SYS_exit
00095de0   _SYS_exitStack
00095e38   _SYS_exitStackPtr
00095e3c   _SYS_exitStackTop
00073688   _SawtoothTable
0006f688   _SinTable
00071688   _SquareTable
000877c0   _TIMER_configArgs
000850a0   _TIMER_open
000852e0   _TIMER_reset
000878a0   _TIMER_start
00094e38   _TRC_R_mask
00093980   _TRC_disable
000939a0   _TRC_enable
000939bc   _TRC_query
00095d3c   _TSK
00095d84   _TSK_ATTRS
00092780   _TSK_exit
000976f4   _TSK_idle
00093860   _TSK_init
00095e40   _TSK_nTasks
00095e44   _TSK_pid
00092400   _TSK_setup
00092c34   _TSK_startup
00095da0   _TSK_timerSem
00075688   _TriangleTable
00093b20   _UTL_doAbort
00093bc0   _UTL_doError
000939e0   _UTL_doPutc
00093be0   _UTL_halt
0007c0a0   _WaveTable_cookFrequency
0007b724   _WaveTable_doOscillate
0007bb44   _WaveTable_generateTables
0007c164   _WaveTable_reset
00097400   __CIOBUF_
00091b84   __CLK_lat1beg
00091bb0   __CLK_lat1end
000832e0   __CSL_init
00095d40   __HOOK_NUMHOOKS
00095cc4   __HOOK_knlId
00093580   __IDL_lat1beg
000935d0   __IDL_lat1end
00077f50   __IRQ_dispatchTable
00077e88   __IRQ_eventTable
00087980   __IRQ_hookFetchPacket
00087520   __IRQ_init
00077f10   __IRQ_intTable
00092d34   __KNL_lat1beg
00092dac   __KNL_lat1end
00093680   __LOG_lat1beg
000936c4   __LOG_lat1end1
000936f0   __LOG_lat1end2
000781c0   __MCBSP_hDev0
000781c4   __MCBSP_hDev1
000781c8   __MCBSP_hDev2
00093800   __QUE_lat1beg
00093820   __QUE_lat1end
00093828   __QUE_lat2beg
00093840   __QUE_lat2end
00091318   __RTA_lat1beg
00091350   __RTA_lat1end
000925c0   __SEM_dopost
00000400   __STACK_SIZE
0008fd30   __SWI_lat1beg
0008fdbc   __SWI_lat1end1
0008fe78   __SWI_lat1end2
0008ff14   __SWI_lat2beg
0008fffc   __SWI_lat2end2
0008fba0   __SWI_lat3beg
0008fc24   __SWI_lat3end
000781d0   __TIMER_deviceTable
000781fc   __TIMER_hBios
000781f4   __TIMER_hDev0
000781f8   __TIMER_hDev1
00095dbc   __TSK_mutex
ffffffff   ___binit__
000959a0   ___bss__
000972fc   ___c_args__
00093c60   ___cinit__
00000000   ___data__
00000000   ___edata__
00095e58   ___end__
00087ba0   ___etext__
00097834   ___pinit__
000782a0   ___text__
000847c0   __addd
00092aa0   __auto_init
00086240   __cleanup
000780b0   __cleanup_ptr
00086d40   __cmpd
00096e00   __ctypes_
00083de0   __divd
00086c80   __divli
00084160   __divlli
00086a40   __divu
00083a60   __divul
00082540   __divull
000868c0   __doflush
000780b4   __dtors_ptr
000872e0   __fixdi
000871a0   __fixdli
00087700   __fltid
00087060   __fltlid
00082a40   __frcaddd
00081cc0   __frcdivd
00085520   __frcmpyd
00077a10   __ft_end
000776a0   __ftable
00087620   __llshl
000876a0   __llshru
00078288   __lock
00083c20   __mpyd
00086fc0   __mpyll
00087920   __negd
00087ac0   __negll
00087ae0   __nop
0007fc60   __printfi
00087a80   __register_lock
00087b60   __register_unlock
00087380   __remli
000962a8   __stack
000865c0   __strasg
00087760   __subcull
000878e0   __subd
000778d0   __tmpnams
0007828c   __unlock
00085a40   __wrt_ok
00086800   _atexit
00084ce0   _atoi
00000224   _bufferflag
00000220   _bufferindex
0007e220   _c6416_dsk_init
00096d40   _c_int00
000791e0   _c_int11
0007d558   _calcCompressorGain
0007c740   _calculateDelayOffset
0007a860   _calculatePeak
0007ad78   _calculateShelving
00090d78   _calloc
00085c40   _close
0007e324   _comm_intr
0007e2f4   _comm_poll
00078160   _config
00000228   _delay
0005de30   _delayParams
0005de28   _delayp
0007dcc0   _do_3band
00065f60   _dynProc
0007f840   _ecvt
00065fa0   _envDetect
00065fc8   _eq
00084f60   _fclose
0007f400   _fcvt
0007ad20   _flushBiquad
00084920   _fputc
00081680   _fputs
00090e00   _free
00000200   _fs
00085740   _fseek
00066048   _fx
00078174   _hAIC23_handle
0007dae0   _init_3band_state
00000210   _input
0007e7c8   _input_left_sample
0007e874   _input_right_sample
0007e6cc   _input_sample
00000204   _inputsource
00078248   _lag_x
00078258   _lag_y
00087820   _llabs
00085e40   _lseek
00085b40   _ltoa
000793e4   _main
00090c00   _malloc
00090c68   _memalign
00087420   _memccpy
000874a0   _memcpy
00085d40   _memset
00066080   _modDelayBuffer
00065eb0   _modDelayParams
00077690   _oneOverSR
00066070   _oscVal
00000214   _output
0007e534   _output_left_sample
0007e600   _output_right_sample
0007e418   _output_sample
00000208   _pGain
0005de88   _pitchC
00077688   _pointfive
0007d8ac   _prepareForPlay
00086de0   _printf
00000218   _process
00079128   _process_HARDCLIP
0007c988   _process_ModDelay
0007b1a0   _process_Shelving
00079048   _process_bypass
0007ea6c   _process_delay
0007d8b4   _process_dynamics
000792ac   _process_eq
000782a0   _process_fuzz
00079348   _process_isr
00078930   _process_overdrive
0007cae0   _process_pitchshift
000785bc   _process_thunderFuzz
0007904c   _process_tremolo
0007a420   _q2a
00077698   _qN
0007a358   _qcos
00079cf0   _qexp
000799cc   _qlog
00079ca0   _qlog10
00079e4c   _qpow
0007a1cc   _qsin
00079838   _qsqrt
0007a398   _qtan
00086680   _readmsg
00090e40   _realloc
00087b00   _remove
00087100   _renormd
00066078   _result
00096268   _rtdx_buffer_state
00096288   _rtdx_mon_state
0007c554   _setChorusSettings
0007ee68   _setDelay
0007c1a0   _setFlangerSettings
0007c388   _setVibratoSettings
0007e920   _setupDelayParams
000834c0   _setvbuf
0006f680   _temp
0000021c   _tmp
000875a0   _unlink
0007d8b0   _userInterfaceUpdate
00085940   _write
00086e80   _writemsg
ffffffff   binit
00093c60   cinit
00000000   edata
00095e58   end
00087ba0   etext
00000000   hwi0
00000020   hwi1
00000140   hwi10
00000160   hwi11
00000180   hwi12
000001a0   hwi13
000001c0   hwi14
000001e0   hwi15
00000040   hwi2
00000060   hwi3
00000080   hwi4
000000a0   hwi5
000000c0   hwi6
000000e0   hwi7
00000100   hwi8
00000120   hwi9
00097834   pinit


GLOBAL SYMBOLS: SORTED BY Symbol Address 

address    name
--------   ----
00000000   GBL_L2MARMASK2
00000000   GBL_L2MARMASK3
00000000   GBL_L2MARMASK1
00000000   GBL_L2CONFIGURE
00000000   GBL_L2MARMASK
00000000   GBL_L2MARMASK4
00000000   GBL_NULL
00000000   GBL_ROM
00000000   GBL_L2PRIORITY
00000000   GBL_L2MARMASK5
00000000   GBL_L2MODE
00000000   DPI$
00000000   TSK_NUM_HOOKS
00000000   DIO_STATIC
00000000   DIO_NUMSWIBASE
00000000   DIO_NUMTSKBASE
00000000   SWI_IHOOKFXN
00000000   GBL_CACHE
00000000   GBL_L2CONFIGALLOC
00000000   GBL_C641XL2PRIORITY
00000000   SWI_EHOOKFXN
00000000   GBL_BIGENDIAN
00000000   HWI_A_VECS
00000000   PIP$
00000000   HST_NONE
00000000   PRD_A_TABBEG
00000000   PIP_gNextId
00000000   OBJ$
00000000   HWI_POLARITYMASK
00000000   HWI_RESET
00000000   MBX$
00000000   HWI_GENERATE_RESET_VEC
00000000   MEM_NULL
00000000   RTDX_USERTEXECUTION
00000000   GIO$
00000000   SEM$
00000000   GBL_USERINIT
00000000   SIO$
00000000   PRD_SWIHANDLE
00000000   PRD_A_TABEND
00000000   HST_DSM
00000000   PRD_A_TABLEN
00000000   HOOK$
00000000   HOOK_KNLID
00000000   DIO$
00000000   UDEV$
00000000   _CLK_TDDR
00000000   _RTDX_interrupt_mask
00000000   ___edata__
00000000   ___data__
00000000   TSK_SWITCHFXN
00000000   _HWI_RESET
00000000   hwi0
00000000   edata
00000000   _CLK_TIMERNUM
00000000   _GBL_CACHE
00000000   BUF$
00000000   CLK_TDDR
00000000   CLK_TIMERNUM
00000000   DHL_gChannelsAvailable
00000000   DGN$
00000000   .data
00000000   CLK_TDDRHIGH
00000000   DHL$
00000000   TSK_READYFXN
00000000   DEV$
00000001   CLK$
00000001   _LOG_A_TABLEN
00000001   HST$
00000001   RTDX$
00000001   RTDX_NORMALIZED_HDR
00000001   CLK_COUNTSPMSHIGH
00000001   QUE$
00000001   PRD$
00000001   LOG_ENABLED
00000001   LOG_A_TABLEN
00000001   HWI_NMI
00000001   MEM$
00000001   MEM_gNumHeap
00000001   HST_RTDX
00000001   BUF_ENABLED
00000001   LOG$
00000001   LCK$
00000001   HWI$
00000001   ISRC$
00000001   GBL_CALLCSLCFGINIT
00000001   IDL$
00000001   GBL$
00000001   IDL_USECLKIDLTIME
00000001   _CLK_USETIMER
00000001   CLK_PRDHIGH
00000001   GBL_ENABLEINST
00000001   SWI$
00000001   CLK_USETIMER
00000001   _HWI_NMI
00000001   TSK$
00000001   TSK_PRIORITY
00000001   RTDX_USERTDX
00000001   SYS$
00000001   STS$
00000001   GBL_SUPPORTCSL
00000001   HWI_ZEROTAB
00000001   GBL_boot
00000002   IDL_A_TABLEN
00000002   SWI_A_TABLEN
00000002   HST_A_TABLEN
00000002   _PIP_A_TABLEN
00000002   _HWI_RESERVED0
00000002   HWI_RESERVED0
00000002   PIP_gNumEmbed
00000002   _HST_A_TABLEN
00000002   _RTDX_JTAGONLY
00000002   PIP_A_TABLEN
00000002   IDL_A_CALLEN
00000003   HWI_RESERVED1
00000003   _HWI_RESERVED1
00000004   _STS_A_TABLEN
00000004   HWI_INT4
00000004   STS_A_TABLEN
00000004   _HWI_INT4
00000005   _HWI_INT5
00000005   HWI_INT5
00000006   _HWI_INT6
00000006   HWI_INT6
00000007   _HWI_INT7
00000007   HWI_INT7
00000008   HWI_INT8
00000008   CLK_A_TABLEN
00000008   _HWI_INT8
00000009   _HWI_INT9
00000009   HWI_INT9
0000000a   _HWI_INT10
0000000a   HWI_INT10
0000000b   HWI_INT11
0000000b   _HWI_INT11
0000000c   HWI_INT12
0000000c   _HWI_INT12
0000000d   _HWI_INT13
0000000d   HWI_INT13
0000000e   _HWI_INT14
0000000e   HWI_INT14
0000000f   HWI_INT15
0000000f   _HWI_INT15
00000020   hwi1
00000020   CLK_TCR
00000040   hwi2
00000040   LOG_system$size
00000040   HST_MAXFRAMESET
00000042   GBL_FOOTPRINT
00000060   hwi3
00000080   hwi4
000000a0   hwi5
000000c0   hwi6
000000e0   hwi7
00000100   hwi8
00000100   HST_MAXFRAMEALLOWED
00000120   hwi9
00000140   hwi10
00000160   hwi11
00000180   hwi12
000001a0   hwi13
000001c0   hwi14
000001e0   hwi15
00000200   _fs
00000204   _inputsource
00000208   _pGain
00000210   _input
00000214   _output
00000218   _process
0000021c   _tmp
00000220   _bufferindex
00000224   _bufferflag
00000228   _delay
00000400   HST_DSMMEMSIZE
00000400   TSK_STACKSIZE
00000400   __STACK_SIZE
00000408   RTDX_BUFMEMSIZE
00000490   GBL_A_VERSION
00002226   GBL_L2ALLOC
00004000   CLK_INTBIT
00004000   PRD_SCALAR
00008000   ISRAM$L
00008000   _ISRAM_length
0000dbef   GBL_TRCMASKVALUE
00015f90   CLK_PRD
00015f90   _CLK_PRD
00015f90   CLK_COUNTSPMS
00015f90   _CLK_COUNTSPMS
0005de28   _delayp
0005de30   _delayParams
0005de88   _pitchC
00065eb0   _modDelayParams
00065f60   _dynProc
00065fa0   _envDetect
00065fc8   _eq
00066048   _fx
00066050   _LFO
00066070   _oscVal
00066078   _result
0006607a   _DSK6416_version
00066080   _modDelayBuffer
0006f680   _temp
0006f688   _SinTable
00071688   _SquareTable
00073688   _SawtoothTable
00075688   _TriangleTable
00077688   _pointfive
00077690   _oneOverSR
00077698   _qN
000776a0   __ftable
000778d0   __tmpnams
00077a10   __ft_end
00077e88   __IRQ_eventTable
00077f10   __IRQ_intTable
00077f50   __IRQ_dispatchTable
000780b0   __cleanup_ptr
000780b4   __dtors_ptr
0007811c   _AIC_data
00078128   _AIC23CfgData
00078160   _config
00078174   _hAIC23_handle
000781c0   __MCBSP_hDev0
000781c4   __MCBSP_hDev1
000781c8   __MCBSP_hDev2
000781d0   __TIMER_deviceTable
000781f4   __TIMER_hDev0
000781f8   __TIMER_hDev1
000781fc   __TIMER_hBios
00078248   _lag_x
00078258   _lag_y
00078288   __lock
0007828c   __unlock
00078290   _DSK6416_AIC23_codeccontrolhandle
00078294   _DSK6416_AIC23_codecdatahandle
00078298   CLK_A_TABBEG
00078298   _PRD_clock
00078298   PRD_clock
0007829c   CLK_null
000782a0   ___text__
000782a0   CLK_A_TABEND
000782a0   _process_fuzz
000782a0   .text
000785bc   _process_thunderFuzz
00078930   _process_overdrive
00079048   _process_bypass
0007904c   _process_tremolo
00079128   _process_HARDCLIP
000791e0   _c_int11
000792ac   _process_eq
00079348   _process_isr
000793e4   _main
00079838   _qsqrt
000799cc   _qlog
00079ca0   _qlog10
00079cf0   _qexp
00079e4c   _qpow
0007a1cc   _qsin
0007a358   _qcos
0007a398   _qtan
0007a420   _q2a
0007a860   _calculatePeak
0007ad20   _flushBiquad
0007ad78   _calculateShelving
0007b1a0   _process_Shelving
0007b724   _WaveTable_doOscillate
0007bb44   _WaveTable_generateTables
0007c0a0   _WaveTable_cookFrequency
0007c164   _WaveTable_reset
0007c1a0   _setFlangerSettings
0007c388   _setVibratoSettings
0007c554   _setChorusSettings
0007c740   _calculateDelayOffset
0007c988   _process_ModDelay
0007cae0   _process_pitchshift
0007d038   _PShift_setupPitchParams
0007d268   _PShift_setPitchStep
0007d558   _calcCompressorGain
0007d8ac   _prepareForPlay
0007d8b0   _userInterfaceUpdate
0007d8b4   _process_dynamics
0007dae0   _init_3band_state
0007dcc0   _do_3band
0007e220   _c6416_dsk_init
0007e2f4   _comm_poll
0007e324   _comm_intr
0007e418   _output_sample
0007e534   _output_left_sample
0007e600   _output_right_sample
0007e6cc   _input_sample
0007e7c8   _input_left_sample
0007e874   _input_right_sample
0007e920   _setupDelayParams
0007ea6c   _process_delay
0007ee68   _setDelay
0007f400   _fcvt
0007f840   _ecvt
0007fc60   __printfi
00080820   _DSK6416_init
000809d0   _DSK6416_rget
00080a08   _DSK6416_rset
00080a50   _DSK6416_wait
00080ac0   _DSK6416_waitusec
00080b0c   _DSK6416_getVersion
00080f80   _BiQuad_create
00080fa8   _BiQuad_FlushDelays
00081000   _BiQuad_do
00081680   _fputs
000819c0   _EnvDetector_setupDetector
00081b50   _EnvDetector_detect
00081cc0   __frcdivd
00082540   __divull
00082a40   __frcaddd
00082c80   _DSK6416_AIC23_rset
00082d9c   _DSK6416_AIC23_rget
00082ddc   _DSK6416_AIC23_config
00082ea0   _DSK6416_AIC23_openCodec
000830c0   _HOSTrename
000832e0   __CSL_init
000834c0   _setvbuf
000836a0   _IRQ_map
00083880   _MCBSP_reset
00083a60   __divul
00083c20   __mpyd
00083de0   __divd
00084160   __divlli
000847c0   __addd
00084920   _fputc
00084ba0   _HOSTopen
00084ce0   _atoi
00084f60   _fclose
000850a0   _TIMER_open
000851c0   _HOSTlseek
000852e0   _TIMER_reset
00085520   __frcmpyd
00085740   _fseek
00085840   _HOSTwrite
00085940   _write
00085a40   __wrt_ok
00085b40   _ltoa
00085c40   _close
00085d40   _memset
00085e40   _lseek
00085f40   _HOSTread
00086040   _HOSTunlink
00086140   _DSK6416_AIC23_setFreq
00086240   __cleanup
00086400   _MCBSP_start
000864e0   _MCBSP_open
000865c0   __strasg
00086680   _readmsg
00086740   _MCBSP_config
00086800   _atexit
000868c0   __doflush
00086980   _HOSTclose
00086a40   __divu
00086c80   __divli
00086d40   __cmpd
00086de0   _printf
00086e80   _writemsg
00086f18   C$$IO$$
00086f20   _EMIFA_config
00086fc0   __mpyll
00087060   __fltlid
00087100   _renormd
000871a0   __fixdli
00087240   _EMIFB_config
000872e0   __fixdi
00087380   __remli
00087420   _memccpy
000874a0   _memcpy
00087520   __IRQ_init
000875a0   _unlink
00087620   __llshl
000876a0   __llshru
00087700   __fltid
00087760   __subcull
000877c0   _TIMER_configArgs
00087820   _llabs
00087860   _IRQ_reset
000878a0   _TIMER_start
000878e0   __subd
00087920   __negd
00087960   _IRQ_globalEnable
00087980   __IRQ_hookFetchPacket
000879a0   _MCBSP_rrdy
000879c0   _MCBSP_write
000879e0   _CSL_cfgInit
00087a00   _MCBSP_read
00087a20   _MCBSP_getXmtEventId
00087a40   _IRQ_nmiEnable
00087a60   _IRQ_globalDisable
00087a80   __register_lock
00087ac0   __negll
00087ae0   __nop
00087b00   _remove
00087b20   _MCBSP_xrdy
00087b40   _IRQ_enable
00087b60   __register_unlock
00087ba0   _ISRAM_base
00087ba0   ISRAM$B
00087ba0   etext
00087ba0   ___etext__
0008fba0   __SWI_lat3beg
0008fba0   SWI_F_enable
0008fc24   __SWI_lat3end
0008fc28   SWI_F_post
0008fd30   __SWI_lat1beg
0008fdbc   __SWI_lat1end1
0008fdc0   SWI_F_exec
0008fe38   SWI_EXECFXN
0008fe38   SWI_F_iexec
0008fe78   __SWI_lat1end2
0008ff14   __SWI_lat2beg
0008fffc   __SWI_lat2end2
00090000   SWI_RUNFXN
00090000   SWI_F_run
00090280   LNK_F_checkBufferCall
000902a0   LNK_F_getChanPtr
000902ec   LNK_F_init
000902f4   LNK_F_dataPump
00090300   LNK_rcloop
000903b0   LNK_rdrtry
000903b8   LNK_rrloop
0009046c   LNK_wrrtry
00090474   LNK_wrloop
00090544   LNK_newin
00090654   LNK_newout
00090794   LNK_F_readCallBack
000907c0   HWI_F_dispatch
000907c0   _HWI_F_dispatch
000907c0   CLK_HOOKFXN
00090c00   _malloc
00090c68   _memalign
00090d78   _calloc
00090e00   _free
00090e40   _realloc
00090f40   PRD_F_swi
0009119c   PRD_F_tick
00091260   RTA_F_getlog
000912a4   RTA_F_getsts
000912ec   RTA_F_readblk
0009130c   RTA_F_writeword
00091318   __RTA_lat1beg
00091318   RTA_F_resetmem
00091350   __RTA_lat1end
00091358   RTA_F_dispatch
00091398   RTA_execute
000914e0   _SEM_pendEnterKnl
00091740   _KNL_run
00091980   CLK_F_getfhtime
000919a0   CLK_F_getshtime
000919a0   CLK_F_gethtime
000919a0   CLK_TIMEFXN
00091a14   CLK_F_getltime
00091a20   CLK_F_isr
00091b70   _CLK_F_itime
00091b70   CLK_F_itime
00091b70   _CLK_itime
00091b84   __CLK_lat1beg
00091bb0   __CLK_lat1end
00091bc0   PIP_F_take
00091c54   PIP_F_give
00091c54   PIP_F_probe
00091d28   PIP_F_start
00091fe0   PRD_THOOKFXN
00091fe0   _KNL_tick
00092000   _MEM_alloc
00092200   _MEM_free
00092400   _TSK_setup
000925c0   __SEM_dopost
00092780   _TSK_exit
00092920   _KNL_saveIsrFrame
000929c8   _KNL_switch
00092a70   KNL_glue
00092aa0   __auto_init
00092c34   _TSK_startup
00092d00   _KNL_check
00092d34   __KNL_lat1beg
00092dac   __KNL_lat1end
00092dac   _KNL_idle
00092dc8   _KNL_max
00092e00   IDL_F_calibrate
00092f00   _SEM_post
00092fe0   _KNL_enter
00093054   _KNL_exit
000930c0   _MEM_init
00093180   _SEM_postEnterKnl
00093240   _LCK_post
00093288   _LCK_pend
00093300   _ATM_andi
00093300   _ATM_andu
00093320   _ATM_cleari
00093320   _ATM_clearu
00093338   _ATM_deci
00093338   _ATM_decu
00093354   _ATM_incu
00093354   _ATM_inci
00093370   _ATM_oru
00093370   _ATM_ori
0009338c   _ATM_seti
0009338c   _ATM_setu
000933a0   _SYS_exit
00093440   _KNL_ipost
000934e0   _KNL_post
00093580   IDL_F_busy
00093580   __IDL_lat1beg
000935d0   __IDL_lat1end
00093600   FXN_F_nop
00093608   _FXN_F_run
00093608   FXN_F_run
00093658   FXN_F_zero
00093658   _FXN_F_zero
00093680   __LOG_lat1beg
00093680   LOG_F_event
00093680   _LOG_event
000936c4   __LOG_lat1end1
000936f0   __LOG_lat1end2
00093700   _GBL_cslInit
00093780   _CLK_start
00093780   _CLK_start6x
00093800   __QUE_lat1beg
00093800   _QUE_get
00093820   __QUE_lat1end
00093828   __QUE_lat2beg
00093828   _QUE_put
00093840   __QUE_lat2end
00093860   _TSK_init
000938c0   _SYS_error
00093920   _STS_delta
00093920   STS_F_delta
00093930   STS_F_add
00093930   _STS_add
0009395c   STS_F_reset
0009395c   _STS_reset
00093980   _TRC_disable
000939a0   _TRC_enable
000939bc   _TRC_query
000939e0   SYS_PUTCFXN
000939e0   _UTL_doPutc
00093a40   _SEM_pend
00093aa0   IDL_CALIBRFXN
00093aa0   IDL_F_stub
00093ae0   _SWI_post
00093b20   _UTL_doAbort
00093b20   SYS_ABORTFXN
00093b60   RTA_F_andn
00093b80   RTA_F_or
00093ba0   _IDL_loop
00093ba0   IDL_F_loop
00093bc0   _UTL_doError
00093bc0   SYS_ERRORFXN
00093be0   _UTL_halt
00093be0   SYS_EXITFXN
00093c00   GIO_POSTFXN
00093c00   _FXN_F_nop
00093c00   GIO_PENDFXN
00093c00   GIO_DELETEFXN
00093c00   GIO_CREATEFXN
00093c00   GBL_USERINITFXN
00093c00   TSK_VEXITFXN
00093c00   TSK_VCREATEFXN
00093c00   TSK_VDELETEFXN
00093c20   _STS_set
00093c40   GBL_F_version
00093c60   ___cinit__
00093c60   cinit
00094e34   TRC_cinit
00094e38   _TRC_R_mask
00094e38   TRC_R_mask
00094e3c   GBL_initdone
00094e40   _RTDX_SetInterrupt
00094f54   _RTDX_Final_RT_Monitor
00094f68   _RTDX_Init_RT_Monitor
00095008   _RTDX_Poll
000952d0   _RTDX_Mon_Queue
00095418   _RTDX_IsFlowEnabled
00095440   _RTDX_Buffer_Initialize
00095740   _RTDX_Buffer_Write
00095934   _RTDX_Buffer_Read
00095980   _RTDX_Mask_IER
00095998   _RTDX_Set_IER
000959a0   .bss
000959a0   IDL_D_tabbeg
000959a0   ___bss__
000959a0   $bss
000959a4   IDL_D_calibrate
000959a8   IDL_D_calbeg
000959ac   _LOG_D_system
000959ac   LOG_D_system
000959b0   PIP_D_tabbeg
000959b4   PIP_D_tablen
000959b8   CLK_R_time
000959bc   CLK_D_timefxn
000959c0   CLK_D_tabbeg
000959c4   CLK_D_isrhook
000959c8   CLK_D_idletime
000959cc   SWI_D_curmask
000959cc   _SWI_D_curmask
000959d0   SWI_D_curset
000959d4   SWI_D_pending
000959d8   _SWI_D_curfxn
000959d8   SWI_D_curfxn
000959dc   SWI_D_curmbox
000959e0   _SWI_D_lock
000959e0   SWI_D_lock
000959e4   SWI_D_execaddr
000959e8   SWI_D_runaddr
000959ec   SWI_D_rdybeg
000959ec   _SWI_D_rdybeg
000959f0   SWI_D_ihook
000959f4   SWI_D_ehook
000959f8   SWI_D_rdytab
00095a70   PRD_D_tick
00095a70   _PRD_D_tick
00095a74   PRD_D_cur
00095a78   PRD_D_elapsed
00095a7c   PRD_D_prevtim
00095a80   PRD_D_scalar
00095a84   PRD_D_swihandle
00095a88   PRD_D_tabbeg
00095a8c   PRD_D_tablen
00095a90   PRD_D_thook
00095a94   RTA_D_fromHost
00095a98   RTA_D_toHost
00095a9c   RTA_D_logval
00095aac   RTA_D_stsval
00095ab8   HST_D_chanmask
00095abc   _MEM_D_NUMSEGMENTS
00095ac0   _MEM_D_memtab
00095ac4   _MEM_D_freelist
00095ac8   _MEM_D_lockaddr
00095acc   _MEM_D_unlockaddr
00095ad0   _SYS
00095ad4   _HWI_dispatchTab
00095bd4   IDL_D_busyObj
00095bd8   _KNL_queues
00095c78   _KNL_dummy
00095cb0   _KNL_swiptr
00095cb4   _KNL_idlefxn
00095cb8   _MEM_memtab
00095cc4   __HOOK_knlId
00095cc8   RTDX_DATAMEMSEG
00095cc8   ISRAM
00095cc8   _ISRAM
00095cc8   MEM_SEGZERO
00095cc8   MEM_MALLOCSEG
00095cc8   HST_DSMBUFSEG
00095cc8   TSK_STACKSEG
00095ccc   RTA_fromHost$pipe$dtab
00095cd8   RTA_toHost$pipe$dtab
00095ce4   _OBJ_table
00095d3c   _TSK
00095d40   __HOOK_NUMHOOKS
00095d44   _KNL_wFlag
00095d48   _KNL_wList
00095d4c   _KNL_alarm
00095d50   _KNL_setpri
00095d54   _KNL_inactive
00095d58   _KNL_priority
00095d5c   _KNL_set
00095d60   _KNL_curtask
00095d64   _KNL_prevtask
00095d68   _KNL_curtime
00095d6c   _KNL_curqueue
00095d70   _KNL_maxqueue
00095d74   _KNL_tswitchfxn
00095d78   _KNL_tcreatefxn
00095d7c   _KNL_tdeletefxn
00095d80   _KNL_treadyfxn
00095d84   _TSK_ATTRS
00095da0   _TSK_timerSem
00095dbc   __TSK_mutex
00095de0   _SYS_exitStack
00095e00   LNK_dspFrameRequestMask
00095e04   LNK_dspFrameReadyMask
00095e08   LNK_readPend
00095e0c   LNK_readDone
00095e10   LNK_readFail
00095e14   LNK_writeFail
00095e28   HWI_D_ccmask
00095e2c   _HWI_D_spsave
00095e30   _GBL_irqEventTable
00095e34   _GBL_irqIntTable
00095e38   _SYS_exitStackPtr
00095e3c   _SYS_exitStackTop
00095e40   _TSK_nTasks
00095e44   _TSK_pid
00095e50   _MEM
00095e54   _GBL_cslTimerHandle
00095e58   end
00095e58   _RTDX_Buffer
00095e58   ___end__
00096260   _RTDX_Buffer_Start
00096264   _RTDX_Buffer_End
00096268   _rtdx_buffer_state
00096274   _RTDX_writing
00096288   _rtdx_mon_state
000962a8   __stack
000962a8   _HWI_STKTOP
000962a8   GBL_stackbeg
000966a0   _HWI_STKBOTTOM
000966a7   GBL_stackend
000966a8   TSK_idle$stack
00096a40   TSK_idle$stkptr
00096aa8   LOG_system
00096aa8   _LOG_A_TABBEG
00096aa8   _LOG_system
00096aa8   LOG_A_TABBEG
00096ac0   _LOG_A_TABEND
00096ac0   BIOS_init
00096ac0   LOG_A_TABEND
00096ac0   _BIOS_init
00096c0c   BIOS$$CLKON
00096c3c   BIOS$$CLKOFF
00096c9c   _BIOS_start
00096c9c   BIOS_start
00096d40   _c_int00
00096e00   __ctypes_
000970b6   _SYS_PUTCBEG
000972b5   _SYS_PUTCEND
000972b8   STS_A_TABBEG
000972b8   KNL_swi$sts$stsobj
000972b8   _STS_A_TABBEG
000972bc   KNL_swi$sts
000972c8   SWI_process_isr$sts$stsobj
000972cc   SWI_process_isr$sts
000972d8   TSK_idle$sts$stsobj
000972dc   TSK_idle$sts
000972e8   IDL_busyObj$stsobj
000972ec   IDL_busyObj
000972ec   _IDL_busyObj
000972f8   STS_A_TABEND
000972f8   _STS_A_TABEND
000972fc   ___c_args__
00097300   LOG_system$buf
00097400   __CIOBUF_
00097520   RTA_toHost$buf
00097620   PIP_A_TABBEG
00097620   _PIP_A_TABBEG
00097620   RTA_fromHost$pipe
00097624   RTA_fromHost$pipe$rd
00097650   RTA_fromHost$pipe$aaa
00097654   RTA_fromHost$pipe$wr
00097680   RTA_fromHost$pipe$bbb
00097684   RTA_toHost$pipe
00097688   RTA_toHost$pipe$rd
000976b4   RTA_toHost$pipe$aaa
000976b8   RTA_toHost$pipe$wr
000976e4   RTA_toHost$pipe$bbb
000976e8   _PIP_A_TABEND
000976e8   PIP_A_TABEND
000976f4   TSK_idle
000976f4   _TSK_idle
00097748   KNL_swi
00097748   SWI_A_TABBEG
00097748   _KNL_swi
00097774   SWI_process_isr
00097774   _SWI_process_isr
000977a0   SWI_A_TABEND
000977a0   _HST_A_TABBEG
000977a0   HST_A_TABBEG
000977a4   RTA_fromHost
000977a4   _RTA_fromHost
000977ac   RTA_fromHost$rtdx
000977b8   _RTA_toHost
000977b8   RTA_toHost
000977c0   RTA_toHost$rtdx
000977cc   _HST_A_TABEND
000977cc   HST_A_TABEND
000977f4   LNK_dataPump
000977f4   _LNK_dataPump
000977f4   IDL_A_TABBEG
000977f8   RTA_dispatcher
000977f8   _RTA_dispatcher
000977fc   IDL_cpuLoad
000977fc   _IDL_cpuLoad
00097800   IDL_END
00097804   IDL_A_TABEND
00097804   LNK_dataPump$
00097804   IDL_A_CALBEG
00097808   RTA_dispatcher$
0009780c   IDL_cpuLoad$
00097810   IDL_END$
00097814   IDL_A_CALEND
00097814   RTA_fromHost$buf
00097824   SYS$config
00097834   pinit
00097834   ___pinit__
01940000   CLK_REGS
01940000   _CLK_REGS
082039a3   HWI_INTRMULTHIGH
250718a4   HWI_INTRMULTLOW
ffffffff   ___binit__
ffffffff   _SDRAM
ffffffff   FLASH
ffffffff   SDRAM
ffffffff   _FLASH
ffffffff   binit

[798 symbols]
