******************************************************************************
          TMS320C6x COFF Linker PC v5.1.0                      
******************************************************************************
>> Linked Thu Mar 14 14:02:04 2013

OUTPUT FILE NAME:   <./Debug/PitchShift.out>
ENTRY POINT SYMBOL: "_c_int00"  address: 00004d80


MEMORY CONFIGURATION

                  name            origin    length      used    attr    fill
         ----------------------  --------  ---------  --------  ----  --------
         IVECS                   00000000   00000220  00000200  RWIX
         IRAM                    00000220   0002fde0  00008dc0  RWIX
         SDRAM                   80000000   00100000  00000000  RWIX
         FLASH                   90000000   00020000  00000000  RWIX


SECTION ALLOCATION MAP

 output                                  attributes/
section   page    origin      length       input sections
--------  ----  ----------  ----------   ----------------
.EXT_RAM   0    80000000    00000000     UNINITIALIZED

.data      0    00000000    00000000     UNINITIALIZED

.vectors   0    00000000    00000200     
                  00000000    00000200     Vectors_intr.obj (.vectors)

.bss       0    00000220    00000000     UNINITIALIZED

.sysmem    0    00000220    00000000     UNINITIALIZED

.switch    0    00000220    00000000     UNINITIALIZED

.cio       0    00000220    00000000     UNINITIALIZED

.csldata   0    00000220    00000000     UNINITIALIZED

.text      0    00000220    00004fc0     
                  00000220    00000ca0     rts6400.lib : pow.obj (.text:_pow)
                  00000ec0    00000a60     pitchshift.obj (.text)
                  00001920    00000700     c6416dskinit.obj (.text)
                  00002020    000003c0     dsk6416bsl.lib : dsk6416.obj (.text)
                  000023e0    00000300     rts6400.lib : frcdivd.obj (.text:__frcdivd)
                  000026e0    00000280                 : ldexp.obj (.text:_ldexp)
                  00002960    00000240                 : frcaddd.obj (.text:__frcaddd)
                  00002ba0    00000220     dsk6416bsl.lib : dsk6416_aic23_registers.obj (.text)
                  00002dc0    00000220                    : dsk6416_aic23_opencodec.obj (.text)
                  00002fe0    00000200     rts6400.lib : frexp.obj (.text:_frexp)
                  000031e0    000001e0     csl6416.lib : csl_irq.obj (.text:_IRQ_map)
                  000033c0    000001e0                 : csl_mcbsp.obj (.text:_MCBSP_reset)
                  000035a0    000001c0     rts6400.lib : mpyd.obj (.text:__mpyd)
                  00003760    000001c0                 : divd.obj (.text:__divd)
                  00003920    00000180                 : addf.obj (.text:__addf)
                  00003aa0    00000160                 : mpyf.obj (.text:__mpyf)
                  00003c00    00000160                 : round.obj (.text:__round)
                  00003d60    00000160                 : addd.obj (.text:__addd)
                  00003ec0    00000120                 : frcmpyd.obj (.text:__frcmpyd)
                  00003fe0    00000100                 : exit.obj (.text:_exit)
                  000040e0    00000100     dsk6416bsl.lib : dsk6416_aic23_setfreq.obj (.text)
                  000041e0    00000100     rts6400.lib : autoinit.obj (.text:__auto_init)
                  000042e0    000000e0                 : modf.obj (.text:_modf)
                  000043c0    000000e0     csl6416.lib : csl_mcbsp.obj (.text:_MCBSP_open)
                  000044a0    000000e0                 : csl_mcbsp.obj (.text:_MCBSP_start)
                  00004580    000000c0                 : csl_mcbsp.obj (.text:_MCBSP_config)
                  00004640    000000c0     rts6400.lib : strasg.obj (.text:__strasg)
                  00004700    000000c0     csl6416.lib : csl_irq.obj (.text:_setMux)
                  000047c0    000000a0                 : csl_emifa.obj (.text:_EMIFA_config)
                  00004860    000000a0     rts6400.lib : renormd.obj (.text:_renormd)
                  00004900    000000a0                 : fixfi.obj (.text:__fixfi)
                  000049a0    000000a0     csl6416.lib : csl_emifb.obj (.text:_EMIFB_config)
                  00004a40    000000a0     rts6400.lib : fixdi.obj (.text:__fixdi)
                  00004ae0    000000a0                 : cmpd.obj (.text:__cmpd)
                  00004b80    000000a0                 : cvtdf.obj (.text:__cvtdf)
                  00004c20    00000080                 : memcpy64.obj (.text:_memcpy)
                  00004ca0    00000080                 : cmpf.obj (.text:__cmpf)
                  00004d20    00000060                 : cvtfd.obj (.text:__cvtfd)
                  00004d80    00000060                 : boot.obj (.text:_c_int00)
                  00004de0    00000060                 : fltif.obj (.text:__fltif)
                  00004e40    00000060                 : fltid.obj (.text:__fltid)
                  00004ea0    00000040                 : negd.obj (.text:__negd)
                  00004ee0    00000040                 : args_main.obj (.text:__args_main)
                  00004f20    00000040                 : subf.obj (.text:__subf)
                  00004f60    00000040                 : subd.obj (.text:__subd)
                  00004fa0    00000040     csl6416.lib : csl_irq.obj (.text:_IRQ_reset)
                  00004fe0    00000040     rts6400.lib : frcmpyf.obj (.text:__frcmpyf)
                  00005020    00000020     csl6416.lib : csl_mcbsp.obj (.text:_MCBSP_xrdy)
                  00005040    00000020                 : csl_mcbsp.obj (.text:_MCBSP_write)
                  00005060    00000020                 : csl_mcbsp.obj (.text:_MCBSP_getXmtEventId)
                  00005080    00000020                 : csl_mcbsp.obj (.text:_MCBSP_rrdy)
                  000050a0    00000020                 : csl_mcbsp.obj (.text:_MCBSP_read)
                  000050c0    00000020                 : csl_irq.obj (.text:_IRQ_enable)
                  000050e0    00000020     rts6400.lib : trunc.obj (.text:__trunc)
                  00005100    00000020     csl6416.lib : csl_irq.obj (.text:_IRQ_globalEnable)
                  00005120    00000020     rts6400.lib : exit.obj (.text:_abort)
                  00005140    00000020     csl6416.lib : csl_irq.obj (.text:_IRQ_nmiEnable)
                  00005160    00000020     Vectors_intr.obj (.text)
                  00005180    00000020     csl6416.lib : csl_irq.obj (.text)
                  000051a0    00000020                 : csl_irq.obj (.text:_IRQ_globalDisable)
                  000051c0    00000020     rts6400.lib : _lock.obj (.text:__nop)

.far       0    000051e0    000033f4     UNINITIALIZED
                  000051e0    00003042     pitchshift.obj (.far)
                  00008224    00000004     rts6400.lib : errno.obj (.far)
                  00008228    00000120                 : pow.obj (.far)
                  00008348    00000100     csl6416.lib : csl_irq.obj (.far)
                  00008448    00000090     rts6400.lib : exit.obj (.far)
                  000084d8    0000005a     c6416dskinit.obj (.far)
                  00008532    00000004     dsk6416bsl.lib : dsk6416.obj (.far)
                  00008538    00000054     csl6416.lib : csl_mcbsp.obj (.far)
                  00008590    00000020     dsk6416bsl.lib : dsk6416_aic23_setfreq.obj (.far)
                  000085b0    00000014                    : dsk6416_aic23_registers.obj (.far)
                  000085c4    00000008                    : dsk6416_aic23_opencodec.obj (.far)
                  000085cc    00000008     rts6400.lib : _lock.obj (.far)

.cinit     0    000085d8    000004dc     
                  000085d8    00000140     rts6400.lib : pow.obj (.cinit)
                  00008718    0000012c     csl6416.lib : csl_irq.obj (.cinit)
                  00008844    00000004     --HOLE-- [fill = 0]
                  00008848    000000da     pitchshift.obj (.cinit)
                  00008922    00000006     --HOLE-- [fill = 0]
                  00008928    0000007c     csl6416.lib : csl_mcbsp.obj (.cinit)
                  000089a4    00000004     --HOLE-- [fill = 0]
                  000089a8    0000005c     c6416dskinit.obj (.cinit)
                  00008a04    00000004     --HOLE-- [fill = 0]
                  00008a08    0000002c     rts6400.lib : exit.obj (.cinit)
                  00008a34    00000004     --HOLE-- [fill = 0]
                  00008a38    00000028     dsk6416bsl.lib : dsk6416_aic23_setfreq.obj (.cinit)
                  00008a60    0000001c                    : dsk6416_aic23_registers.obj (.cinit)
                  00008a7c    00000004     --HOLE-- [fill = 0]
                  00008a80    0000001c     rts6400.lib : _lock.obj (.cinit)
                  00008a9c    00000004     --HOLE-- [fill = 0]
                  00008aa0    0000000c                 : errno.obj (.cinit)
                  00008aac    00000008     --HOLE-- [fill = 0]

.stack     0    00008ab8    00000400     UNINITIALIZED
                  00008ab8    00000008     rts6400.lib : boot.obj (.stack)

.const     0    00008eb8    00000130     
                  00008eb8    000000c0     dsk6416bsl.lib : dsk6416.obj (.const)
                  00008f78    00000070                    : dsk6416_aic23_opencodec.obj (.const)


GLOBAL SYMBOLS: SORTED ALPHABETICALLY BY Name 

address    name
--------   ----
00000220   $bss
00000220   .bss
00000000   .data
00000220   .text
00005120   C$$EXIT
000084e4   _AIC23CfgData
000084d8   _AIC_data
000085c4   _DSK6416_AIC23_codeccontrolhandle
000085c8   _DSK6416_AIC23_codecdatahandle
00002cfc   _DSK6416_AIC23_config
00002dc0   _DSK6416_AIC23_openCodec
00002cbc   _DSK6416_AIC23_rget
00002ba0   _DSK6416_AIC23_rset
000040e0   _DSK6416_AIC23_setFreq
0000230c   _DSK6416_getVersion
00002020   _DSK6416_init
000021d0   _DSK6416_rget
00002208   _DSK6416_rset
00008532   _DSK6416_version
00002250   _DSK6416_wait
000022c0   _DSK6416_waitusec
000047c0   _EMIFA_config
000049a0   _EMIFB_config
000050c0   _IRQ_enable
000051a0   _IRQ_globalDisable
00005100   _IRQ_globalEnable
000031e0   _IRQ_map
00005140   _IRQ_nmiEnable
00004fa0   _IRQ_reset
00004580   _MCBSP_config
00005060   _MCBSP_getXmtEventId
000043c0   _MCBSP_open
000050a0   _MCBSP_read
000033c0   _MCBSP_reset
00005080   _MCBSP_rrdy
000044a0   _MCBSP_start
00005040   _MCBSP_write
00005020   _MCBSP_xrdy
00008440   __IRQ_dispatchTable
00008378   __IRQ_eventTable
00005180   __IRQ_hookFetchPacket
00008400   __IRQ_intTable
00008580   __MCBSP_hDev0
00008584   __MCBSP_hDev1
00008588   __MCBSP_hDev2
00000400   __STACK_SIZE
ffffffff   ___binit__
00000220   ___bss__
ffffffff   ___c_args__
000085d8   ___cinit__
00000000   ___data__
00000000   ___edata__
00000220   ___end__
000051e0   ___etext__
ffffffff   ___pinit__
00000220   ___text__
00003d60   __addd
00003920   __addf
00004ee0   __args_main
000041e0   __auto_init
000084d0   __cleanup_ptr
00004ae0   __cmpd
00004ca0   __cmpf
00004b80   __cvtdf
00004d20   __cvtfd
00003760   __divd
000084d4   __dtors_ptr
00004a40   __fixdi
00004900   __fixfi
00004e40   __fltid
00004de0   __fltif
00002960   __frcaddd
000023e0   __frcdivd
00003ec0   __frcmpyd
00004fe0   __frcmpyf
000085cc   __lock
000035a0   __mpyd
00003aa0   __mpyf
00004ea0   __negd
000051c0   __nop
00003c00   __round
00008ab8   __stack
00004640   __strasg
00004f60   __subd
00004f20   __subf
000050e0   __trunc
000085d0   __unlock
00005120   _abort
00001920   _c6416_dsk_init
00004d80   _c_int00
00000ec0   _c_int11
00001a24   _comm_intr
000019f4   _comm_poll
0000851c   _config
00005208   _delay
00005204   _delayed
00006208   _env
0000820c   _ep1
00008210   _ep2
00008224   _errno
00003fe0   _exit
000051fc   _fdb
0000821c   _frac
00002fe0   _frexp
000051e0   _fs
000051f0   _gain
00008530   _hAIC23_handle
000051e8   _i
00008214   _inc
00005200   _input
00001ec8   _input_left_sample
00001f74   _input_right_sample
00001dcc   _input_sample
000051e4   _inputsource
000026e0   _ldexp
00001640   _main
00004c20   _memcpy
000042e0   _modf
00008220   _next
00005202   _output
00001c34   _output_left_sample
00001d00   _output_right_sample
00001b18   _output_sample
000051f4   _pitch
00000220   _pow
00004860   _renormd
000051f8   _rp1
00008208   _rp2
00008218   _rpi
000051ec   _sr
00000020   _vector1
00000140   _vector10
00000180   _vector12
000001a0   _vector13
000001c0   _vector14
000001e0   _vector15
00000040   _vector2
00000060   _vector3
00000080   _vector4
000000a0   _vector5
000000c0   _vector6
000000e0   _vector7
00000100   _vector8
00000120   _vector9
00000000   _vectors
ffffffff   binit
000085d8   cinit
00000000   edata
00000220   end
000051e0   etext
ffffffff   pinit


GLOBAL SYMBOLS: SORTED BY Symbol Address 

address    name
--------   ----
00000000   ___edata__
00000000   _vectors
00000000   edata
00000000   ___data__
00000000   .data
00000020   _vector1
00000040   _vector2
00000060   _vector3
00000080   _vector4
000000a0   _vector5
000000c0   _vector6
000000e0   _vector7
00000100   _vector8
00000120   _vector9
00000140   _vector10
00000180   _vector12
000001a0   _vector13
000001c0   _vector14
000001e0   _vector15
00000220   ___bss__
00000220   _pow
00000220   ___end__
00000220   .text
00000220   ___text__
00000220   .bss
00000220   end
00000220   $bss
00000400   __STACK_SIZE
00000ec0   _c_int11
00001640   _main
00001920   _c6416_dsk_init
000019f4   _comm_poll
00001a24   _comm_intr
00001b18   _output_sample
00001c34   _output_left_sample
00001d00   _output_right_sample
00001dcc   _input_sample
00001ec8   _input_left_sample
00001f74   _input_right_sample
00002020   _DSK6416_init
000021d0   _DSK6416_rget
00002208   _DSK6416_rset
00002250   _DSK6416_wait
000022c0   _DSK6416_waitusec
0000230c   _DSK6416_getVersion
000023e0   __frcdivd
000026e0   _ldexp
00002960   __frcaddd
00002ba0   _DSK6416_AIC23_rset
00002cbc   _DSK6416_AIC23_rget
00002cfc   _DSK6416_AIC23_config
00002dc0   _DSK6416_AIC23_openCodec
00002fe0   _frexp
000031e0   _IRQ_map
000033c0   _MCBSP_reset
000035a0   __mpyd
00003760   __divd
00003920   __addf
00003aa0   __mpyf
00003c00   __round
00003d60   __addd
00003ec0   __frcmpyd
00003fe0   _exit
000040e0   _DSK6416_AIC23_setFreq
000041e0   __auto_init
000042e0   _modf
000043c0   _MCBSP_open
000044a0   _MCBSP_start
00004580   _MCBSP_config
00004640   __strasg
000047c0   _EMIFA_config
00004860   _renormd
00004900   __fixfi
000049a0   _EMIFB_config
00004a40   __fixdi
00004ae0   __cmpd
00004b80   __cvtdf
00004c20   _memcpy
00004ca0   __cmpf
00004d20   __cvtfd
00004d80   _c_int00
00004de0   __fltif
00004e40   __fltid
00004ea0   __negd
00004ee0   __args_main
00004f20   __subf
00004f60   __subd
00004fa0   _IRQ_reset
00004fe0   __frcmpyf
00005020   _MCBSP_xrdy
00005040   _MCBSP_write
00005060   _MCBSP_getXmtEventId
00005080   _MCBSP_rrdy
000050a0   _MCBSP_read
000050c0   _IRQ_enable
000050e0   __trunc
00005100   _IRQ_globalEnable
00005120   _abort
00005120   C$$EXIT
00005140   _IRQ_nmiEnable
00005180   __IRQ_hookFetchPacket
000051a0   _IRQ_globalDisable
000051c0   __nop
000051e0   _fs
000051e0   ___etext__
000051e0   etext
000051e4   _inputsource
000051e8   _i
000051ec   _sr
000051f0   _gain
000051f4   _pitch
000051f8   _rp1
000051fc   _fdb
00005200   _input
00005202   _output
00005204   _delayed
00005208   _delay
00006208   _env
00008208   _rp2
0000820c   _ep1
00008210   _ep2
00008214   _inc
00008218   _rpi
0000821c   _frac
00008220   _next
00008224   _errno
00008378   __IRQ_eventTable
00008400   __IRQ_intTable
00008440   __IRQ_dispatchTable
000084d0   __cleanup_ptr
000084d4   __dtors_ptr
000084d8   _AIC_data
000084e4   _AIC23CfgData
0000851c   _config
00008530   _hAIC23_handle
00008532   _DSK6416_version
00008580   __MCBSP_hDev0
00008584   __MCBSP_hDev1
00008588   __MCBSP_hDev2
000085c4   _DSK6416_AIC23_codeccontrolhandle
000085c8   _DSK6416_AIC23_codecdatahandle
000085cc   __lock
000085d0   __unlock
000085d8   cinit
000085d8   ___cinit__
00008ab8   __stack
ffffffff   pinit
ffffffff   ___binit__
ffffffff   ___c_args__
ffffffff   ___pinit__
ffffffff   binit

[151 symbols]
